<html>
<body>
<pre>
<h1>µVision Build Log</h1>
<h2>Tool Versions:</h2>
IDE-Version: ¶ÃVision V5.39.0.0
Copyright (C) 2023 ARM Ltd and ARM Germany GmbH. All rights reserved.
License Information: 1 acer, 1, LIC=GRMW3-ANHQS-E8UF4-FU76V-KND0G-VZA72
 
Tool Versions:
Toolchain:       DB-ARM Debugger  Version: 5.39.0.0
Toolchain Path:  E:\TOOL\keil_5_39\Keil_v5\ARM\ARMCLANG\Bin
C Compiler:      ArmClang.exe V6.21
Assembler:       Armasm.exe V6.21
Linker/Locator:  ArmLink.exe V6.21
Library Manager: ArmAr.exe V6.21
Hex Converter:   FromElf.exe V6.21
CPU DLL:         SARMCM3.DLL V5.39.0.0
Dialog DLL:      DCM.DLL V1.17.5.0
Target DLL:      CMSIS_AGDI.dll V1.33.16.0
Dialog DLL:      TCM.DLL V1.56.4.0
 
<h2>Project:</h2>
C:\Users\acer\Desktop\project01(OK)\project01(∏Ò ΩOK)\project01\MDK-ARM\Tricycle.uvprojx
Project File Date:  09/20/2024

<h2>Output:</h2>
*** Using Compiler 'V6.21', folder: 'E:\TOOL\keil_5_39\Keil_v5\ARM\ARMCLANG\Bin'
Build target 'Tricycle'
../Core/Src/main.c(20): warning: In file included from...
../Core/Inc\main.h(37): warning: In file included from...
../Core/Inc/../../Drivers/Bsp/power/power.h(1): warning: '__PWOER_H' is used as a header guard here, followed by #define of a different macro [-Wheader-guard]
    1 | #ifndef __PWOER_H
      |         ^~~~~~~~~
../Core/Inc/../../Drivers/Bsp/power/power.h(2): note: '__POWER_H' is defined here; did you mean '__PWOER_H'?
    2 | #define __POWER_H
      |         ^~~~~~~~~
      |         __PWOER_H
1 warning generated.
compiling main.c...
linking...
Program Size: Code=25372 RO-data=2540 RW-data=60 ZI-data=1828  
FromELF: creating hex file...
"Tricycle\Tricycle.axf" - 0 Error(s), 1 Warning(s).

<h2>Software Packages used:</h2>

Package Vendor: ARM
                http://www.keil.com/pack/ARM.CMSIS.5.9.0.pack
                ARM::CMSIS@5.9.0
                CMSIS (Common Microcontroller Software Interface Standard)
   * Component: CORE Version: 5.6.0

Package Vendor: Keil
                https://www.keil.com/pack/Keil.STM32F4xx_DFP.2.17.1.pack
                Keil::STM32F4xx_DFP@2.17.1
                STMicroelectronics STM32F4 Series Device Support, Drivers and Examples

<h2>Collection of Component include folders:</h2>
  ./RTE/_Tricycle
  E:/TOOL/keil_5_39/Packs/ARM/CMSIS/5.9.0/CMSIS/Core/Include
  E:/TOOL/keil_5_39/Packs/Keil/STM32F4xx_DFP/2.17.1/Drivers/CMSIS/Device/ST/STM32F4xx/Include

<h2>Collection of Component Files used:</h2>

   * Component: ARM::CMSIS:CORE@5.6.0
Build Time Elapsed:  00:00:01
</pre>
</body>
</html>
