Component: Arm Compiler for Embedded 6.21 Tool: armlink [5ec1fa00]

==============================================================================

Section Cross References

    startup_stm32f401xc.o(RESET) refers to startup_stm32f401xc.o(STACK) for __initial_sp
    startup_stm32f401xc.o(RESET) refers to startup_stm32f401xc.o(.text) for Reset_Handler
    startup_stm32f401xc.o(RESET) refers to stm32f4xx_it.o(.text.NMI_Handler) for NMI_Handler
    startup_stm32f401xc.o(RESET) refers to stm32f4xx_it.o(.text.HardFault_Handler) for HardFault_Handler
    startup_stm32f401xc.o(RESET) refers to stm32f4xx_it.o(.text.MemManage_Handler) for MemManage_Handler
    startup_stm32f401xc.o(RESET) refers to stm32f4xx_it.o(.text.BusFault_Handler) for BusFault_Handler
    startup_stm32f401xc.o(RESET) refers to stm32f4xx_it.o(.text.UsageFault_Handler) for UsageFault_Handler
    startup_stm32f401xc.o(RESET) refers to stm32f4xx_it.o(.text.SVC_Handler) for SVC_Handler
    startup_stm32f401xc.o(RESET) refers to stm32f4xx_it.o(.text.DebugMon_Handler) for DebugMon_Handler
    startup_stm32f401xc.o(RESET) refers to stm32f4xx_it.o(.text.PendSV_Handler) for PendSV_Handler
    startup_stm32f401xc.o(RESET) refers to stm32f4xx_it.o(.text.SysTick_Handler) for SysTick_Handler
    startup_stm32f401xc.o(RESET) refers to stm32f4xx_it.o(.text.ADC_IRQHandler) for ADC_IRQHandler
    startup_stm32f401xc.o(RESET) refers to stm32f4xx_it.o(.text.TIM1_BRK_TIM9_IRQHandler) for TIM1_BRK_TIM9_IRQHandler
    startup_stm32f401xc.o(RESET) refers to stm32f4xx_it.o(.text.TIM1_UP_TIM10_IRQHandler) for TIM1_UP_TIM10_IRQHandler
    startup_stm32f401xc.o(RESET) refers to stm32f4xx_it.o(.text.USART1_IRQHandler) for USART1_IRQHandler
    startup_stm32f401xc.o(RESET) refers to stm32f4xx_it.o(.text.USART2_IRQHandler) for USART2_IRQHandler
    startup_stm32f401xc.o(RESET) refers to stm32f4xx_it.o(.text.EXTI15_10_IRQHandler) for EXTI15_10_IRQHandler
    startup_stm32f401xc.o(RESET) refers to stm32f4xx_it.o(.text.USART6_IRQHandler) for USART6_IRQHandler
    startup_stm32f401xc.o(.text) refers to system_stm32f4xx.o(.text.SystemInit) for SystemInit
    startup_stm32f401xc.o(.text) refers to entry.o(.ARM.Collect$$$$00000000) for __main
    main.o(.text.main) refers to stm32f4xx_hal.o(.text.HAL_Init) for HAL_Init
    main.o(.text.main) refers to main.o(.text.SystemClock_Config) for SystemClock_Config
    main.o(.text.main) refers to gpio.o(.text.MX_GPIO_Init) for MX_GPIO_Init
    main.o(.text.main) refers to adc.o(.text.MX_ADC1_Init) for MX_ADC1_Init
    main.o(.text.main) refers to tim.o(.text.MX_TIM1_Init) for MX_TIM1_Init
    main.o(.text.main) refers to tim.o(.text.MX_TIM3_Init) for MX_TIM3_Init
    main.o(.text.main) refers to tim.o(.text.MX_TIM4_Init) for MX_TIM4_Init
    main.o(.text.main) refers to usart.o(.text.MX_USART1_UART_Init) for MX_USART1_UART_Init
    main.o(.text.main) refers to usart.o(.text.MX_USART2_UART_Init) for MX_USART2_UART_Init
    main.o(.text.main) refers to usart.o(.text.MX_USART6_UART_Init) for MX_USART6_UART_Init
    main.o(.text.main) refers to tim.o(.text.MX_TIM10_Init) for MX_TIM10_Init
    main.o(.text.main) refers to tim.o(.text.MX_TIM9_Init) for MX_TIM9_Init
    main.o(.text.main) refers to tim.o(.bss.htim1) for htim1
    main.o(.text.main) refers to stm32f4xx_hal_tim.o(.text.HAL_TIM_PWM_Start) for HAL_TIM_PWM_Start
    main.o(.text.main) refers to tim.o(.bss.htim4) for htim4
    main.o(.text.main) refers to usart.o(.bss..L_MergedGlobals.1) for huart1
    main.o(.text.main) refers to stm32f4xx_hal_uart.o(.text.HAL_UART_Receive_IT) for HAL_UART_Receive_IT
    main.o(.text.main) refers to stm32f4xx_hal.o(.text.HAL_Delay) for HAL_Delay
    main.o(.text.main) refers to oled.o(.text.OLED_Init) for OLED_Init
    main.o(.text.main) refers to oled.o(.text.OLED_Clear) for OLED_Clear
    main.o(.text.main) refers to main.o(.bss..L_MergedGlobals) for .L_MergedGlobals
    main.o(.text.main) refers to usart.o(.data..L_MergedGlobals) for TASK
    main.o(.text.main) refers to fine_line.o(.bss..L_MergedGlobals) for intersection
    main.o(.text.main) refers to encoder.o(.bss..L_MergedGlobals) for lukou_straight
    main.o(.text.main) refers to usart.o(.text.SendDataToOpenmv) for SendDataToOpenmv
    main.o(.text.main) refers to oled.o(.text.oled_show) for oled_show
    main.o(.text.main) refers to usart.o(.text.SetTargetRoom) for SetTargetRoom
    main.o(.text.main) refers to fine_line.o(.text.Find_Line_Begins) for Find_Line_Begins
    main.o(.text.main) refers to stm32f4xx_hal_gpio.o(.text.HAL_GPIO_ReadPin) for HAL_GPIO_ReadPin
    main.o(.text.main) refers to main.o(.data.Flag_Stop) for Flag_Stop
    main.o(.text.main) refers to oled.o(.text.OLED_ShowNumber) for OLED_ShowNumber
    main.o(.text.main) refers to moto_control.o(.text.Moto_forward_run) for Moto_forward_run
    main.o(.text.main) refers to moto_control.o(.text.Moto_turn_left) for Moto_turn_left
    main.o(.text.main) refers to moto_control.o(.text.Moto_turn_right) for Moto_turn_right
[...]
    Removing oled.o(.text.OLED_Display_On), (24 bytes).
    Removing oled.o(.ARM.exidx.text.OLED_Display_On), (8 bytes).
    Removing oled.o(.text.OLED_Display_Off), (24 bytes).
    Removing oled.o(.ARM.exidx.text.OLED_Display_Off), (8 bytes).
    Removing oled.o(.ARM.exidx.text.OLED_Clear), (8 bytes).
    Removing oled.o(.text.OLED_On), (232 bytes).
    Removing oled.o(.ARM.exidx.text.OLED_On), (8 bytes).
    Removing oled.o(.ARM.exidx.text.OLED_ShowChar), (8 bytes).
    Removing oled.o(.text.OLED_ShowNum), (270 bytes).
    Removing oled.o(.ARM.exidx.text.OLED_ShowNum), (8 bytes).
    Removing oled.o(.text.oled_pow), (92 bytes).
    Removing oled.o(.ARM.exidx.text.oled_pow), (8 bytes).
    Removing oled.o(.text.OLED_ShowString), (56 bytes).
    Removing oled.o(.ARM.exidx.text.OLED_ShowString), (8 bytes).
    Removing oled.o(.ARM.exidx.text.OLED_Init), (8 bytes).
    Removing oled.o(.ARM.exidx.text.OLED_ShowNumber), (8 bytes).
    Removing oled.o(.ARM.exidx.text.oled_show), (8 bytes).
    Removing oled.o(.data.Hzk), (256 bytes).
    Removing oled.o(.bss.i), (1 bytes).
    Removing oled.o(.bss.Send_Count), (1 bytes).
    Removing fine_line.o(.text), (0 bytes).
    Removing fine_line.o(.ARM.exidx.text.get_LedFind_Scan), (8 bytes).
    Removing fine_line.o(.ARM.exidx.text.Find_Line_Begins), (8 bytes).
    Removing fine_line.o(.bss.have_line), (1 bytes).
    Removing fine_line.o(.data.find_line_state), (1 bytes).
    Removing fine_line.o(.bss.find_time), (2 bytes).
    Removing fine_line.o(.bss.value_led), (20 bytes).
    Removing fine_line.o(.bss.show_intersection), (20 bytes).
    Removing led.o(.text), (0 bytes).
    Removing led.o(.text.LED_Init), (2 bytes).
    Removing led.o(.ARM.exidx.text.LED_Init), (8 bytes).
    Removing led.o(.text.Led_Flash), (64 bytes).
    Removing led.o(.ARM.exidx.text.Led_Flash), (8 bytes).
    Removing led.o(.text.Load_Init), (2 bytes).
    Removing led.o(.ARM.exidx.text.Load_Init), (8 bytes).
    Removing led.o(.bss.Led_Flash.temp), (4 bytes).
    Removing f2d.o(.text), (38 bytes).
    Removing d2f.o(.text), (56 bytes).
    Removing fepilogue.o(.text), (110 bytes).

908 unused section(s) (total 48097 bytes) removed from the image.

==============================================================================

Image Symbol Table

    Local Symbols

    Symbol Name                              Value     Ov Type        Size  Object(Section)

    ../clib/division.s                       0x00000000   Number         0  aeabi_sdiv.o ABSOLUTE
    ../clib/microlib/division.c              0x00000000   Number         0  uldiv.o ABSOLUTE
    ../clib/microlib/division.c              0x00000000   Number         0  uidiv.o ABSOLUTE
    ../clib/microlib/init/entry.s            0x00000000   Number         0  entry.o ABSOLUTE
    ../clib/microlib/init/entry.s            0x00000000   Number         0  entry2.o ABSOLUTE
    ../clib/microlib/init/entry.s            0x00000000   Number         0  entry5.o ABSOLUTE
    ../clib/microlib/init/entry.s            0x00000000   Number         0  entry7a.o ABSOLUTE
    ../clib/microlib/init/entry.s            0x00000000   Number         0  entry7b.o ABSOLUTE
    ../clib/microlib/init/entry.s            0x00000000   Number         0  entry8a.o ABSOLUTE
    ../clib/microlib/init/entry.s            0x00000000   Number         0  entry8b.o ABSOLUTE
    ../clib/microlib/init/entry.s            0x00000000   Number         0  entry9a.o ABSOLUTE
    ../clib/microlib/init/entry.s            0x00000000   Number         0  entry9b.o ABSOLUTE
    ../clib/microlib/init/entry.s            0x00000000   Number         0  entry10a.o ABSOLUTE
    ../clib/microlib/init/entry.s            0x00000000   Number         0  entry10b.o ABSOLUTE
    ../clib/microlib/init/entry.s            0x00000000   Number         0  entry11a.o ABSOLUTE
    ../clib/microlib/init/entry.s            0x00000000   Number         0  entry11b.o ABSOLUTE
    ../clib/microlib/longlong.c              0x00000000   Number         0  llshl.o ABSOLUTE
    ../clib/microlib/longlong.c              0x00000000   Number         0  llushr.o ABSOLUTE
    ../clib/microlib/longlong.c              0x00000000   Number         0  llsshr.o ABSOLUTE
    ../clib/microlib/printf/printf.c         0x00000000   Number         0  printfb.o ABSOLUTE
    ../clib/microlib/printf/printf.c         0x00000000   Number         0  printf0.o ABSOLUTE
    ../clib/microlib/printf/printf.c         0x00000000   Number         0  printf1.o ABSOLUTE
    ../clib/microlib/printf/printf.c         0x00000000   Number         0  printf2.o ABSOLUTE
    ../clib/microlib/printf/printf.c         0x00000000   Number         0  printf3.o ABSOLUTE
    ../clib/microlib/printf/printf.c         0x00000000   Number         0  printf4.o ABSOLUTE
    ../clib/microlib/printf/printf.c         0x00000000   Number         0  printf5.o ABSOLUTE
    ../clib/microlib/printf/printf.c         0x00000000   Number         0  printf6.o ABSOLUTE
    ../clib/microlib/printf/printf.c         0x00000000   Number         0  printf7.o ABSOLUTE
    ../clib/microlib/printf/printf.c         0x00000000   Number         0  printf8.o ABSOLUTE
    ../clib/microlib/printf/printf.c         0x00000000   Number         0  printfa.o ABSOLUTE
    ../clib/microlib/printf/stubs.s          0x00000000   Number         0  printfstubs.o ABSOLUTE
    ../clib/microlib/stdio/puts.c            0x00000000   Number         0  puts.o ABSOLUTE
    ../clib/microlib/stdio/puts.c            0x00000000   Number         0  puts_e.o ABSOLUTE
    ../clib/microlib/stdio/streams.c         0x00000000   Number         0  stdout.o ABSOLUTE
    ../clib/microlib/stubs.s                 0x00000000   Number         0  iusefp.o ABSOLUTE
    ../fplib/microlib/d2f.c                  0x00000000   Number         0  d2f.o ABSOLUTE
    ../fplib/microlib/f2d.c                  0x00000000   Number         0  f2d.o ABSOLUTE
    ../fplib/microlib/fpadd.c                0x00000000   Number         0  dadd.o ABSOLUTE
    ../fplib/microlib/fpdiv.c                0x00000000   Number         0  ddiv.o ABSOLUTE
    ../fplib/microlib/fpepilogue.c           0x00000000   Number         0  fepilogue.o ABSOLUTE
    ../fplib/microlib/fpepilogue.c           0x00000000   Number         0  depilogue.o ABSOLUTE
    ../fplib/microlib/fpfix.c                0x00000000   Number         0  dfixul.o ABSOLUTE
    ../fplib/microlib/fpmul.c                0x00000000   Number         0  dmul.o ABSOLUTE
    adc.c                                    0x00000000   Number         0  adc.o ABSOLUTE
    cdrcmple.s                               0x00000000   Number         0  cdrcmple.o ABSOLUTE
    dc.s                                     0x00000000   Number         0  dc.o ABSOLUTE
    encoder.c                                0x00000000   Number         0  encoder.o ABSOLUTE
    fine_line.c                              0x00000000   Number         0  fine_line.o ABSOLUTE
    gpio.c                                   0x00000000   Number         0  gpio.o ABSOLUTE
    handlers.s                               0x00000000   Number         0  handlers.o ABSOLUTE
    init.s                                   0x00000000   Number         0  init.o ABSOLUTE
    key.c                                    0x00000000   Number         0  key.o ABSOLUTE
    led.c                                    0x00000000   Number         0  led.o ABSOLUTE
    main.c                                   0x00000000   Number         0  main.o ABSOLUTE
    moto_control.c                           0x00000000   Number         0  moto_control.o ABSOLUTE
    oled.c                                   0x00000000   Number         0  oled.o ABSOLUTE
    power.c                                  0x00000000   Number         0  power.o ABSOLUTE
    startup_stm32f401xc.s                    0x00000000   Number         0  startup_stm32f401xc.o ABSOLUTE
    stm32f4xx_hal.c                          0x00000000   Number         0  stm32f4xx_hal.o ABSOLUTE
    stm32f4xx_hal_adc.c                      0x00000000   Number         0  stm32f4xx_hal_adc.o ABSOLUTE
    stm32f4xx_hal_adc_ex.c                   0x00000000   Number         0  stm32f4xx_hal_adc_ex.o ABSOLUTE
    stm32f4xx_hal_cortex.c                   0x00000000   Number         0  stm32f4xx_hal_cortex.o ABSOLUTE
    stm32f4xx_hal_dma.c                      0x00000000   Number         0  stm32f4xx_hal_dma.o ABSOLUTE
    stm32f4xx_hal_dma_ex.c                   0x00000000   Number         0  stm32f4xx_hal_dma_ex.o ABSOLUTE
    stm32f4xx_hal_exti.c                     0x00000000   Number         0  stm32f4xx_hal_exti.o ABSOLUTE
    stm32f4xx_hal_flash.c                    0x00000000   Number         0  stm32f4xx_hal_flash.o ABSOLUTE
    stm32f4xx_hal_flash_ex.c                 0x00000000   Number         0  stm32f4xx_hal_flash_ex.o ABSOLUTE
    stm32f4xx_hal_flash_ramfunc.c            0x00000000   Number         0  stm32f4xx_hal_flash_ramfunc.o ABSOLUTE
    stm32f4xx_hal_gpio.c                     0x00000000   Number         0  stm32f4xx_hal_gpio.o ABSOLUTE
    stm32f4xx_hal_msp.c                      0x00000000   Number         0  stm32f4xx_hal_msp.o ABSOLUTE
    stm32f4xx_hal_pwr.c                      0x00000000   Number         0  stm32f4xx_hal_pwr.o ABSOLUTE
    stm32f4xx_hal_pwr_ex.c                   0x00000000   Number         0  stm32f4xx_hal_pwr_ex.o ABSOLUTE
    stm32f4xx_hal_rcc.c                      0x00000000   Number         0  stm32f4xx_hal_rcc.o ABSOLUTE
    stm32f4xx_hal_rcc_ex.c                   0x00000000   Number         0  stm32f4xx_hal_rcc_ex.o ABSOLUTE
    stm32f4xx_hal_tim.c                      0x00000000   Number         0  stm32f4xx_hal_tim.o ABSOLUTE
    stm32f4xx_hal_tim_ex.c                   0x00000000   Number         0  stm32f4xx_hal_tim_ex.o ABSOLUTE
    stm32f4xx_hal_uart.c                     0x00000000   Number         0  stm32f4xx_hal_uart.o ABSOLUTE
    stm32f4xx_it.c                           0x00000000   Number         0  stm32f4xx_it.o ABSOLUTE
    stm32f4xx_ll_adc.c                       0x00000000   Number         0  stm32f4xx_ll_adc.o ABSOLUTE
    system_stm32f4xx.c                       0x00000000   Number         0  system_stm32f4xx.o ABSOLUTE
    tim.c                                    0x00000000   Number         0  tim.o ABSOLUTE
    usart.c                                  0x00000000   Number         0  usart.o ABSOLUTE
    usart_openmv_stm32.c                     0x00000000   Number         0  usart_openmv_stm32.o ABSOLUTE
    RESET                                    0x08000000   Section      404  startup_stm32f401xc.o(RESET)
    .ARM.Collect$$$$00000000                 0x08000194   Section        0  entry.o(.ARM.Collect$$$$00000000)
    .ARM.Collect$$$$00000001                 0x08000194   Section        4  entry2.o(.ARM.Collect$$$$00000001)
    .ARM.Collect$$$$00000004                 0x08000198   Section        4  entry5.o(.ARM.Collect$$$$00000004)
    .ARM.Collect$$$$00000008                 0x0800019c   Section        0  entry7b.o(.ARM.Collect$$$$00000008)
    .ARM.Collect$$$$0000000A                 0x0800019c   Section        0  entry8b.o(.ARM.Collect$$$$0000000A)
    .ARM.Collect$$$$0000000B                 0x0800019c   Section        8  entry9a.o(.ARM.Collect$$$$0000000B)
    __lit__00000000                          0x080001a4   Data           4  entry2.o(.ARM.Collect$$$$00002712)
    .ARM.Collect$$$$0000000D                 0x080001a4   Section        0  entry10a.o(.ARM.Collect$$$$0000000D)
    .ARM.Collect$$$$0000000F                 0x080001a4   Section        0  entry11a.o(.ARM.Collect$$$$0000000F)
    .ARM.Collect$$$$00002712                 0x080001a4   Section        4  entry2.o(.ARM.Collect$$$$00002712)
    $v0                                      0x080001a8   Number         0  startup_stm32f401xc.o(.text)
    .text                                    0x080001a8   Section       36  startup_stm32f401xc.o(.text)
    .text                                    0x080001cc   Section        0  uldiv.o(.text)
    .text                                    0x0800022e   Section        0  dadd.o(.text)
    .text                                    0x0800037c   Section        0  dmul.o(.text)
    .text                                    0x08000460   Section        0  ddiv.o(.text)
    .text                                    0x0800053e   Section        0  uidiv.o(.text)
    .text                                    0x0800056a   Section        0  llshl.o(.text)
    .text                                    0x08000588   Section        0  llushr.o(.text)
    .text                                    0x080005a8   Section        0  llsshr.o(.text)
    .text                                    0x080005cc   Section        0  iusefp.o(.text)
    .text                                    0x080005cc   Section        0  depilogue.o(.text)
    .text                                    0x08000686   Section        0  dfixul.o(.text)
    .text                                    0x080006b8   Section       48  cdrcmple.o(.text)
    .text                                    0x080006e8   Section       48  init.o(.text)
    [Anonymous Symbol]                       0x08000718   Section        0  stm32f4xx_it.o(.text.ADC_IRQHandler)
    [Anonymous Symbol]                       0x08000724   Section        0  stm32f4xx_it.o(.text.BusFault_Handler)
    [Anonymous Symbol]                       0x08000728   Section        0  stm32f4xx_it.o(.text.DebugMon_Handler)
    [Anonymous Symbol]                       0x0800072c   Section        0  stm32f4xx_it.o(.text.EXTI15_10_IRQHandler)
    [Anonymous Symbol]                       0x08000744   Section        0  main.o(.text.Error_Handler)
    [Anonymous Symbol]                       0x0800074c   Section        0  fine_line.o(.text.Find_Line_Begins)
    Linechange_list                          0x08000788   Number         0  fine_line.o(.text.Find_Line_Begins)
    [Anonymous Symbol]                       0x080007a8   Section        0  stm32f4xx_hal_adc_ex.o(.text.HAL_ADCEx_InjectedConvCpltCallback)
    [Anonymous Symbol]                       0x080007ac   Section        0  stm32f4xx_hal_adc.o(.text.HAL_ADC_ConfigChannel)
    [Anonymous Symbol]                       0x080008f4   Section        0  power.o(.text.HAL_ADC_ConvCpltCallback)
    [Anonymous Symbol]                       0x0800093c   Section        0  stm32f4xx_hal_adc.o(.text.HAL_ADC_ErrorCallback)
    [Anonymous Symbol]                       0x08000940   Section        0  stm32f4xx_hal_adc.o(.text.HAL_ADC_GetValue)
    [Anonymous Symbol]                       0x08000948   Section        0  stm32f4xx_hal_adc.o(.text.HAL_ADC_IRQHandler)
    [Anonymous Symbol]                       0x08000a80   Section        0  stm32f4xx_hal_adc.o(.text.HAL_ADC_Init)
    [Anonymous Symbol]                       0x08000be0   Section        0  stm32f4xx_hal_adc.o(.text.HAL_ADC_LevelOutOfWindowCallback)
    [Anonymous Symbol]                       0x08000be4   Section        0  adc.o(.text.HAL_ADC_MspInit)
    [Anonymous Symbol]                       0x08000c58   Section        0  stm32f4xx_hal_adc.o(.text.HAL_ADC_Start_IT)
    [Anonymous Symbol]                       0x08000d80   Section        0  stm32f4xx_hal_dma.o(.text.HAL_DMA_Abort)
    [Anonymous Symbol]                       0x08000e10   Section        0  stm32f4xx_hal_dma.o(.text.HAL_DMA_Abort_IT)
    [Anonymous Symbol]                       0x08000e34   Section        0  stm32f4xx_hal.o(.text.HAL_Delay)
    [Anonymous Symbol]                       0x08000e5c   Section        0  encoder.o(.text.HAL_GPIO_EXTI_Callback)
    [Anonymous Symbol]                       0x08000ea4   Section        0  stm32f4xx_hal_gpio.o(.text.HAL_GPIO_EXTI_IRQHandler)
    [Anonymous Symbol]                       0x08000ebc   Section        0  stm32f4xx_hal_gpio.o(.text.HAL_GPIO_Init)
    [Anonymous Symbol]                       0x0800105c   Section        0  stm32f4xx_hal_gpio.o(.text.HAL_GPIO_ReadPin)
    [Anonymous Symbol]                       0x08001068   Section        0  stm32f4xx_hal_gpio.o(.text.HAL_GPIO_WritePin)
    [Anonymous Symbol]                       0x08001074   Section        0  stm32f4xx_hal.o(.text.HAL_GetTick)
    [Anonymous Symbol]                       0x08001080   Section        0  stm32f4xx_hal.o(.text.HAL_IncTick)
    [Anonymous Symbol]                       0x0800109c   Section        0  stm32f4xx_hal.o(.text.HAL_Init)
    [Anonymous Symbol]                       0x080010d4   Section        0  stm32f4xx_hal.o(.text.HAL_InitTick)
    [Anonymous Symbol]                       0x0800111c   Section        0  stm32f4xx_hal_msp.o(.text.HAL_MspInit)
    [Anonymous Symbol]                       0x08001154   Section        0  stm32f4xx_hal_cortex.o(.text.HAL_NVIC_EnableIRQ)
    [Anonymous Symbol]                       0x08001178   Section        0  stm32f4xx_hal_cortex.o(.text.HAL_NVIC_SetPriority)
    [Anonymous Symbol]                       0x080011d0   Section        0  stm32f4xx_hal_cortex.o(.text.HAL_NVIC_SetPriorityGrouping)
    [Anonymous Symbol]                       0x080011f0   Section        0  stm32f4xx_hal_rcc.o(.text.HAL_RCC_ClockConfig)
    [Anonymous Symbol]                       0x08001354   Section        0  stm32f4xx_hal_rcc.o(.text.HAL_RCC_GetPCLK1Freq)
    [Anonymous Symbol]                       0x0800137c   Section        0  stm32f4xx_hal_rcc.o(.text.HAL_RCC_GetPCLK2Freq)
    [Anonymous Symbol]                       0x080013a4   Section        0  stm32f4xx_hal_rcc.o(.text.HAL_RCC_GetSysClockFreq)
    [Anonymous Symbol]                       0x08001410   Section        0  stm32f4xx_hal_rcc.o(.text.HAL_RCC_OscConfig)
    [Anonymous Symbol]                       0x080017c0   Section        0  stm32f4xx_hal_cortex.o(.text.HAL_SYSTICK_Config)
    [Anonymous Symbol]                       0x080017ec   Section        0  stm32f4xx_hal_tim_ex.o(.text.HAL_TIMEx_BreakCallback)
    [Anonymous Symbol]                       0x080017f0   Section        0  stm32f4xx_hal_tim_ex.o(.text.HAL_TIMEx_CommutCallback)
    [Anonymous Symbol]                       0x080017f4   Section        0  stm32f4xx_hal_tim_ex.o(.text.HAL_TIMEx_ConfigBreakDeadTime)
    [Anonymous Symbol]                       0x08001844   Section        0  stm32f4xx_hal_tim_ex.o(.text.HAL_TIMEx_MasterConfigSynchronization)
    [Anonymous Symbol]                       0x080018d8   Section        0  stm32f4xx_hal_tim.o(.text.HAL_TIM_Base_Init)
    [Anonymous Symbol]                       0x08001934   Section        0  tim.o(.text.HAL_TIM_Base_MspInit)
    [Anonymous Symbol]                       0x08001aa4   Section        0  stm32f4xx_hal_tim.o(.text.HAL_TIM_Base_Start)
    [Anonymous Symbol]                       0x08001b20   Section        0  stm32f4xx_hal_tim.o(.text.HAL_TIM_Base_Start_IT)
    [Anonymous Symbol]                       0x08001ba4   Section        0  stm32f4xx_hal_tim.o(.text.HAL_TIM_ConfigClockSource)
    [Anonymous Symbol]                       0x08001d44   Section        0  stm32f4xx_hal_tim.o(.text.HAL_TIM_IC_CaptureCallback)
    [Anonymous Symbol]                       0x08001d48   Section        0  stm32f4xx_hal_tim.o(.text.HAL_TIM_IC_ConfigChannel)
    [Anonymous Symbol]                       0x08001ef0   Section        0  stm32f4xx_hal_tim.o(.text.HAL_TIM_IC_Init)
    [Anonymous Symbol]                       0x08001f4c   Section        0  stm32f4xx_hal_tim.o(.text.HAL_TIM_IC_MspInit)
    [Anonymous Symbol]                       0x08001f50   Section        0  stm32f4xx_hal_tim.o(.text.HAL_TIM_IRQHandler)
    [Anonymous Symbol]                       0x080020a0   Section        0  stm32f4xx_hal_tim.o(.text.HAL_TIM_OC_DelayElapsedCallback)
    [Anonymous Symbol]                       0x080020a4   Section        0  stm32f4xx_hal_tim.o(.text.HAL_TIM_PWM_ConfigChannel)
    [Anonymous Symbol]                       0x0800229c   Section        0  stm32f4xx_hal_tim.o(.text.HAL_TIM_PWM_Init)
    [Anonymous Symbol]                       0x080022f8   Section        0  stm32f4xx_hal_tim.o(.text.HAL_TIM_PWM_MspInit)
    [Anonymous Symbol]                       0x080022fc   Section        0  stm32f4xx_hal_tim.o(.text.HAL_TIM_PWM_PulseFinishedCallback)
    [Anonymous Symbol]                       0x08002300   Section        0  stm32f4xx_hal_tim.o(.text.HAL_TIM_PWM_Start)
    [Anonymous Symbol]                       0x080023f0   Section        0  encoder.o(.text.HAL_TIM_PeriodElapsedCallback)
    [Anonymous Symbol]                       0x080024d0   Section        0  stm32f4xx_hal_tim.o(.text.HAL_TIM_TriggerCallback)
    [Anonymous Symbol]                       0x080024d4   Section        0  stm32f4xx_hal_uart.o(.text.HAL_UARTEx_RxEventCallback)
    [Anonymous Symbol]                       0x080024d8   Section        0  stm32f4xx_hal_uart.o(.text.HAL_UART_ErrorCallback)
    [Anonymous Symbol]                       0x080024dc   Section        0  stm32f4xx_hal_uart.o(.text.HAL_UART_IRQHandler)
    [Anonymous Symbol]                       0x08002a4c   Section        0  stm32f4xx_hal_uart.o(.text.HAL_UART_Init)
    [Anonymous Symbol]                       0x08002aac   Section        0  usart.o(.text.HAL_UART_MspInit)
    [Anonymous Symbol]                       0x08002c04   Section        0  stm32f4xx_hal_uart.o(.text.HAL_UART_Receive_IT)
    [Anonymous Symbol]                       0x08002c58   Section        0  usart.o(.text.HAL_UART_RxCpltCallback)
    [Anonymous Symbol]                       0x08002c8c   Section        0  stm32f4xx_hal_uart.o(.text.HAL_UART_Transmit)
    [Anonymous Symbol]                       0x08002e04   Section        0  stm32f4xx_hal_uart.o(.text.HAL_UART_TxCpltCallback)
    [Anonymous Symbol]                       0x08002e08   Section        0  stm32f4xx_it.o(.text.HardFault_Handler)
    [Anonymous Symbol]                       0x08002e0c   Section        0  adc.o(.text.MX_ADC1_Init)
    [Anonymous Symbol]                       0x08002e88   Section        0  gpio.o(.text.MX_GPIO_Init)
    [Anonymous Symbol]                       0x08002fd8   Section        0  tim.o(.text.MX_TIM10_Init)
    [Anonymous Symbol]                       0x08003018   Section        0  tim.o(.text.MX_TIM1_Init)
    [Anonymous Symbol]                       0x080031dc   Section        0  tim.o(.text.MX_TIM3_Init)
    [Anonymous Symbol]                       0x08003398   Section        0  tim.o(.text.MX_TIM4_Init)
    [Anonymous Symbol]                       0x08003560   Section        0  tim.o(.text.MX_TIM9_Init)
    [Anonymous Symbol]                       0x080035cc   Section        0  usart.o(.text.MX_USART1_UART_Init)
    [Anonymous Symbol]                       0x0800360c   Section        0  usart.o(.text.MX_USART2_UART_Init)
    [Anonymous Symbol]                       0x08003648   Section        0  usart.o(.text.MX_USART6_UART_Init)
    [Anonymous Symbol]                       0x080036a8   Section        0  stm32f4xx_it.o(.text.MemManage_Handler)
    [Anonymous Symbol]                       0x080036ac   Section        0  moto_control.o(.text.Moto_forward_run)
    [Anonymous Symbol]                       0x080036ec   Section        0  moto_control.o(.text.Moto_stop)
    [Anonymous Symbol]                       0x0800372c   Section        0  moto_control.o(.text.Moto_turn_left)
    [Anonymous Symbol]                       0x0800376c   Section        0  moto_control.o(.text.Moto_turn_right)
    [Anonymous Symbol]                       0x080037ac   Section        0  stm32f4xx_it.o(.text.NMI_Handler)
    [Anonymous Symbol]                       0x080037b0   Section        0  oled.o(.text.OLED_Clear)
    [Anonymous Symbol]                       0x08003898   Section        0  oled.o(.text.OLED_Init)
    [Anonymous Symbol]                       0x0800395c   Section        0  oled.o(.text.OLED_ShowChar)
    [Anonymous Symbol]                       0x08003a74   Section        0  oled.o(.text.OLED_ShowNumber)
    [Anonymous Symbol]                       0x08003b84   Section        0  usart.o(.text.Openmv_Receive_Data)
    [Anonymous Symbol]                       0x08003c7c   Section        0  stm32f4xx_it.o(.text.PendSV_Handler)
    [Anonymous Symbol]                       0x08003c80   Section        0  stm32f4xx_it.o(.text.SVC_Handler)
    [Anonymous Symbol]                       0x08003c84   Section        0  usart.o(.text.SendDataToOpenmv)
    [Anonymous Symbol]                       0x08003db4   Section        0  usart.o(.text.SetTargetRoom)
    [Anonymous Symbol]                       0x08003e68   Section        0  stm32f4xx_it.o(.text.SysTick_Handler)
    [Anonymous Symbol]                       0x08003e6c   Section        0  main.o(.text.SystemClock_Config)
    [Anonymous Symbol]                       0x08003f10   Section        0  system_stm32f4xx.o(.text.SystemInit)
    [Anonymous Symbol]                       0x08003f24   Section        0  stm32f4xx_it.o(.text.TIM1_BRK_TIM9_IRQHandler)
    [Anonymous Symbol]                       0x08003f44   Section        0  stm32f4xx_it.o(.text.TIM1_UP_TIM10_IRQHandler)
    [Anonymous Symbol]                       0x08003f64   Section        0  stm32f4xx_hal_tim.o(.text.TIM_Base_SetConfig)
    UART_DMAAbortOnError                     0x08004065   Thumb Code    12  stm32f4xx_hal_uart.o(.text.UART_DMAAbortOnError)
    [Anonymous Symbol]                       0x08004064   Section        0  stm32f4xx_hal_uart.o(.text.UART_DMAAbortOnError)
    UART_Receive_IT                          0x08004071   Thumb Code   254  stm32f4xx_hal_uart.o(.text.UART_Receive_IT)
    [Anonymous Symbol]                       0x08004070   Section        0  stm32f4xx_hal_uart.o(.text.UART_Receive_IT)
    UART_SetConfig                           0x08004171   Thumb Code   238  stm32f4xx_hal_uart.o(.text.UART_SetConfig)
    [Anonymous Symbol]                       0x08004170   Section        0  stm32f4xx_hal_uart.o(.text.UART_SetConfig)
    [Anonymous Symbol]                       0x08004260   Section        0  stm32f4xx_it.o(.text.USART1_IRQHandler)
    [Anonymous Symbol]                       0x0800426c   Section        0  stm32f4xx_it.o(.text.USART2_IRQHandler)
    [Anonymous Symbol]                       0x08004278   Section        0  stm32f4xx_it.o(.text.USART6_IRQHandler)
    [Anonymous Symbol]                       0x08004284   Section        0  stm32f4xx_it.o(.text.UsageFault_Handler)
    [Anonymous Symbol]                       0x08004288   Section        0  oled.o(.text.Write_IIC_Byte)
    [Anonymous Symbol]                       0x080043d4   Section        0  oled.o(.text.Write_IIC_Command)
    [Anonymous Symbol]                       0x08004494   Section        0  oled.o(.text.Write_IIC_Data)
    [Anonymous Symbol]                       0x08004554   Section        0  fine_line.o(.text.get_LedFind_Scan)
    [Anonymous Symbol]                       0x0800468c   Section        0  main.o(.text.main)
    [Anonymous Symbol]                       0x080057f0   Section        0  moto_control.o(.text.moto_control_l)
    [Anonymous Symbol]                       0x08005898   Section        0  moto_control.o(.text.moto_control_r)
    [Anonymous Symbol]                       0x08005944   Section        0  oled.o(.text.oled_show)
    i.__0sprintf                             0x08005bac   Section        0  printfa.o(i.__0sprintf)
    i.__scatterload_copy                     0x08005bd4   Section       14  handlers.o(i.__scatterload_copy)
    i.__scatterload_null                     0x08005be2   Section        2  handlers.o(i.__scatterload_null)
    i.__scatterload_zeroinit                 0x08005be4   Section       14  handlers.o(i.__scatterload_zeroinit)
    _fp_digits                               0x08005bf5   Thumb Code   366  printfa.o(i._fp_digits)
    i._fp_digits                             0x08005bf4   Section        0  printfa.o(i._fp_digits)
    _printf_core                             0x08005d79   Thumb Code  1744  printfa.o(i._printf_core)
    i._printf_core                           0x08005d78   Section        0  printfa.o(i._printf_core)
    _printf_post_padding                     0x08006455   Thumb Code    36  printfa.o(i._printf_post_padding)
    i._printf_post_padding                   0x08006454   Section        0  printfa.o(i._printf_post_padding)
    _printf_pre_padding                      0x08006479   Thumb Code    46  printfa.o(i._printf_pre_padding)
    i._printf_pre_padding                    0x08006478   Section        0  printfa.o(i._printf_pre_padding)
    _sputc                                   0x080064a7   Thumb Code    10  printfa.o(i._sputc)
    i._sputc                                 0x080064a6   Section        0  printfa.o(i._sputc)
    .L.str                                   0x08006ce0   Data           7  usart.o(.rodata.str1.1)
    [Anonymous Symbol]                       0x08006ce0   Section        0  usart.o(.rodata.str1.1)
    .L_MergedGlobals                         0x20000000   Data           2  usart.o(.data..L_MergedGlobals)
    [Anonymous Symbol]                       0x20000000   Section        0  usart.o(.data..L_MergedGlobals)
    .L_MergedGlobals                         0x20000004   Data           8  stm32f4xx_hal.o(.data..L_MergedGlobals)
    [Anonymous Symbol]                       0x20000004   Section        0  stm32f4xx_hal.o(.data..L_MergedGlobals)
    .L_MergedGlobals                         0x20000040   Data          24  main.o(.bss..L_MergedGlobals)
    [Anonymous Symbol]                       0x20000040   Section        0  main.o(.bss..L_MergedGlobals)
    .L_MergedGlobals                         0x20000058   Data           4  encoder.o(.bss..L_MergedGlobals)
    [Anonymous Symbol]                       0x20000058   Section        0  encoder.o(.bss..L_MergedGlobals)
    .L_MergedGlobals                         0x2000005c   Data          22  power.o(.bss..L_MergedGlobals)
    HAL_ADC_ConvCpltCallback.size            0x2000005c   Data           1  power.o(.bss..L_MergedGlobals)
    [Anonymous Symbol]                       0x2000005c   Section        0  power.o(.bss..L_MergedGlobals)
    power_adc_val                            0x2000005e   Data          20  power.o(.bss..L_MergedGlobals)
    .L_MergedGlobals                         0x20000072   Data           3  fine_line.o(.bss..L_MergedGlobals)
    [Anonymous Symbol]                       0x20000072   Section        0  fine_line.o(.bss..L_MergedGlobals)
    .L_MergedGlobals.1                       0x20000078   Data         116  usart.o(.bss..L_MergedGlobals.1)
    [Anonymous Symbol]                       0x20000078   Section        0  usart.o(.bss..L_MergedGlobals.1)
    Openmv_Receive_Data.RxCounter1           0x20000080   Data           1  usart.o(.bss..L_MergedGlobals.1)
    Openmv_Receive_Data.RxState              0x20000081   Data           1  usart.o(.bss..L_MergedGlobals.1)
    Openmv_Receive_Data.RxBuffer1            0x2000008e   Data          20  usart.o(.bss..L_MergedGlobals.1)
    Find_Line_Begins.find_value              0x200000ec   Data           4  fine_line.o(.bss.Find_Line_Begins.find_value)
    [Anonymous Symbol]                       0x200000ec   Section        0  fine_line.o(.bss.Find_Line_Begins.find_value)
    pid_cal_l.Integral_error_l               0x20000330   Data           4  moto_control.o(.bss.pid_cal_l.Integral_error_l)
    [Anonymous Symbol]                       0x20000330   Section        0  moto_control.o(.bss.pid_cal_l.Integral_error_l)
    pid_cal_r.Integral_error                 0x20000334   Data           4  moto_control.o(.bss.pid_cal_r.Integral_error)
    [Anonymous Symbol]                       0x20000334   Section        0  moto_control.o(.bss.pid_cal_r.Integral_error)
    STACK                                    0x20000360   Section     1024  startup_stm32f401xc.o(STACK)

    Global Symbols

    Symbol Name                              Value     Ov Type        Size  Object(Section)

    BuildAttributes$$THM_ISAv4$E$P$D$K$B$S$7EM$VFPi3$EXTD16$VFPS$VFMA$PE$A:L22UL41UL21$X:L11$S22US41US21$IEEE1$IW$~IW$USESV6$~STKCKD$USESV7$~SHL$OTIME$ROPI$EBA8$MICROLIB$REQ8$PRES8$EABIv2 0x00000000   Number         0  anon$$obj.o ABSOLUTE
    _printf_a                                0x00000000   Number         0  printfstubs.o ABSOLUTE
    _printf_c                                0x00000000   Number         0  printfstubs.o ABSOLUTE
    _printf_charcount                        0x00000000   Number         0  printfstubs.o ABSOLUTE
    _printf_d                                0x00000000   Number         0  printfstubs.o ABSOLUTE
    _printf_e                                0x00000000   Number         0  printfstubs.o ABSOLUTE
    _printf_f                                0x00000000   Number         0  printfstubs.o ABSOLUTE
    _printf_flags                            0x00000000   Number         0  printfstubs.o ABSOLUTE
    _printf_fp_dec                           0x00000000   Number         0  printfstubs.o ABSOLUTE
    _printf_fp_hex                           0x00000000   Number         0  printfstubs.o ABSOLUTE
    _printf_g                                0x00000000   Number         0  printfstubs.o ABSOLUTE
    _printf_i                                0x00000000   Number         0  printfstubs.o ABSOLUTE
    _printf_int_dec                          0x00000000   Number         0  printfstubs.o ABSOLUTE
    _printf_l                                0x00000000   Number         0  printfstubs.o ABSOLUTE
    _printf_lc                               0x00000000   Number         0  printfstubs.o ABSOLUTE
    _printf_ll                               0x00000000   Number         0  printfstubs.o ABSOLUTE
    _printf_lld                              0x00000000   Number         0  printfstubs.o ABSOLUTE
    _printf_lli                              0x00000000   Number         0  printfstubs.o ABSOLUTE
    _printf_llo                              0x00000000   Number         0  printfstubs.o ABSOLUTE
    _printf_llu                              0x00000000   Number         0  printfstubs.o ABSOLUTE
    _printf_llx                              0x00000000   Number         0  printfstubs.o ABSOLUTE
    _printf_longlong_dec                     0x00000000   Number         0  printfstubs.o ABSOLUTE
    _printf_longlong_hex                     0x00000000   Number         0  printfstubs.o ABSOLUTE
    _printf_longlong_oct                     0x00000000   Number         0  printfstubs.o ABSOLUTE
    _printf_ls                               0x00000000   Number         0  printfstubs.o ABSOLUTE
    _printf_mbtowc                           0x00000000   Number         0  printfstubs.o ABSOLUTE
    _printf_n                                0x00000000   Number         0  printfstubs.o ABSOLUTE
    _printf_o                                0x00000000   Number         0  printfstubs.o ABSOLUTE
    _printf_p                                0x00000000   Number         0  printfstubs.o ABSOLUTE
    _printf_percent                          0x00000000   Number         0  printfstubs.o ABSOLUTE
    _printf_pre_padding                      0x00000000   Number         0  printfstubs.o ABSOLUTE
    _printf_return_value                     0x00000000   Number         0  printfstubs.o ABSOLUTE
    _printf_s                                0x00000000   Number         0  printfstubs.o ABSOLUTE
    _printf_sizespec                         0x00000000   Number         0  printfstubs.o ABSOLUTE
    _printf_str                              0x00000000   Number         0  printfstubs.o ABSOLUTE
    _printf_truncate_signed                  0x00000000   Number         0  printfstubs.o ABSOLUTE
    _printf_truncate_unsigned                0x00000000   Number         0  printfstubs.o ABSOLUTE
    _printf_u                                0x00000000   Number         0  printfstubs.o ABSOLUTE
    _printf_wc                               0x00000000   Number         0  printfstubs.o ABSOLUTE
    _printf_wctomb                           0x00000000   Number         0  printfstubs.o ABSOLUTE
    _printf_widthprec                        0x00000000   Number         0  printfstubs.o ABSOLUTE
    _printf_x                                0x00000000   Number         0  printfstubs.o ABSOLUTE
    __cpp_initialize__aeabi_                  - Undefined Weak Reference
    __cxa_finalize                            - Undefined Weak Reference
    __decompress                              - Undefined Weak Reference
    _clock_init                               - Undefined Weak Reference
    _microlib_exit                            - Undefined Weak Reference
    __Vectors_Size                           0x00000194   Number         0  startup_stm32f401xc.o ABSOLUTE
    __Vectors                                0x08000000   Data           4  startup_stm32f401xc.o(RESET)
    __Vectors_End                            0x08000194   Data           0  startup_stm32f401xc.o(RESET)
    __main                                   0x08000195   Thumb Code     0  entry.o(.ARM.Collect$$$$00000000)
    _main_stk                                0x08000195   Thumb Code     0  entry2.o(.ARM.Collect$$$$00000001)
    _main_scatterload                        0x08000199   Thumb Code     0  entry5.o(.ARM.Collect$$$$00000004)
    __main_after_scatterload                 0x0800019d   Thumb Code     0  entry5.o(.ARM.Collect$$$$00000004)
    _main_clock                              0x0800019d   Thumb Code     0  entry7b.o(.ARM.Collect$$$$00000008)
    _main_cpp_init                           0x0800019d   Thumb Code     0  entry8b.o(.ARM.Collect$$$$0000000A)
    _main_init                               0x0800019d   Thumb Code     0  entry9a.o(.ARM.Collect$$$$0000000B)
    __rt_final_cpp                           0x080001a5   Thumb Code     0  entry10a.o(.ARM.Collect$$$$0000000D)
    __rt_final_exit                          0x080001a5   Thumb Code     0  entry11a.o(.ARM.Collect$$$$0000000F)
    Reset_Handler                            0x080001a9   Thumb Code     8  startup_stm32f401xc.o(.text)
    DMA1_Stream0_IRQHandler                  0x080001c3   Thumb Code     0  startup_stm32f401xc.o(.text)
    DMA1_Stream1_IRQHandler                  0x080001c3   Thumb Code     0  startup_stm32f401xc.o(.text)
    DMA1_Stream2_IRQHandler                  0x080001c3   Thumb Code     0  startup_stm32f401xc.o(.text)
    DMA1_Stream3_IRQHandler                  0x080001c3   Thumb Code     0  startup_stm32f401xc.o(.text)
    DMA1_Stream4_IRQHandler                  0x080001c3   Thumb Code     0  startup_stm32f401xc.o(.text)
    DMA1_Stream5_IRQHandler                  0x080001c3   Thumb Code     0  startup_stm32f401xc.o(.text)
    DMA1_Stream6_IRQHandler                  0x080001c3   Thumb Code     0  startup_stm32f401xc.o(.text)
    DMA1_Stream7_IRQHandler                  0x080001c3   Thumb Code     0  startup_stm32f401xc.o(.text)
    DMA2_Stream0_IRQHandler                  0x080001c3   Thumb Code     0  startup_stm32f401xc.o(.text)
    DMA2_Stream1_IRQHandler                  0x080001c3   Thumb Code     0  startup_stm32f401xc.o(.text)
    DMA2_Stream2_IRQHandler                  0x080001c3   Thumb Code     0  startup_stm32f401xc.o(.text)
    DMA2_Stream3_IRQHandler                  0x080001c3   Thumb Code     0  startup_stm32f401xc.o(.text)
    DMA2_Stream4_IRQHandler                  0x080001c3   Thumb Code     0  startup_stm32f401xc.o(.text)
    DMA2_Stream5_IRQHandler                  0x080001c3   Thumb Code     0  startup_stm32f401xc.o(.text)
    DMA2_Stream6_IRQHandler                  0x080001c3   Thumb Code     0  startup_stm32f401xc.o(.text)
    DMA2_Stream7_IRQHandler                  0x080001c3   Thumb Code     0  startup_stm32f401xc.o(.text)
    EXTI0_IRQHandler                         0x080001c3   Thumb Code     0  startup_stm32f401xc.o(.text)
    EXTI1_IRQHandler                         0x080001c3   Thumb Code     0  startup_stm32f401xc.o(.text)
    EXTI2_IRQHandler                         0x080001c3   Thumb Code     0  startup_stm32f401xc.o(.text)
    EXTI3_IRQHandler                         0x080001c3   Thumb Code     0  startup_stm32f401xc.o(.text)
    EXTI4_IRQHandler                         0x080001c3   Thumb Code     0  startup_stm32f401xc.o(.text)
    EXTI9_5_IRQHandler                       0x080001c3   Thumb Code     0  startup_stm32f401xc.o(.text)
    FLASH_IRQHandler                         0x080001c3   Thumb Code     0  startup_stm32f401xc.o(.text)
    FPU_IRQHandler                           0x080001c3   Thumb Code     0  startup_stm32f401xc.o(.text)
    I2C1_ER_IRQHandler                       0x080001c3   Thumb Code     0  startup_stm32f401xc.o(.text)
    I2C1_EV_IRQHandler                       0x080001c3   Thumb Code     0  startup_stm32f401xc.o(.text)
    I2C2_ER_IRQHandler                       0x080001c3   Thumb Code     0  startup_stm32f401xc.o(.text)
    I2C2_EV_IRQHandler                       0x080001c3   Thumb Code     0  startup_stm32f401xc.o(.text)
    I2C3_ER_IRQHandler                       0x080001c3   Thumb Code     0  startup_stm32f401xc.o(.text)
    I2C3_EV_IRQHandler                       0x080001c3   Thumb Code     0  startup_stm32f401xc.o(.text)
    OTG_FS_IRQHandler                        0x080001c3   Thumb Code     0  startup_stm32f401xc.o(.text)
    OTG_FS_WKUP_IRQHandler                   0x080001c3   Thumb Code     0  startup_stm32f401xc.o(.text)
    PVD_IRQHandler                           0x080001c3   Thumb Code     0  startup_stm32f401xc.o(.text)
    RCC_IRQHandler                           0x080001c3   Thumb Code     0  startup_stm32f401xc.o(.text)
    RTC_Alarm_IRQHandler                     0x080001c3   Thumb Code     0  startup_stm32f401xc.o(.text)
    RTC_WKUP_IRQHandler                      0x080001c3   Thumb Code     0  startup_stm32f401xc.o(.text)
    SDIO_IRQHandler                          0x080001c3   Thumb Code     0  startup_stm32f401xc.o(.text)
    SPI1_IRQHandler                          0x080001c3   Thumb Code     0  startup_stm32f401xc.o(.text)
    SPI2_IRQHandler                          0x080001c3   Thumb Code     0  startup_stm32f401xc.o(.text)
    SPI3_IRQHandler                          0x080001c3   Thumb Code     0  startup_stm32f401xc.o(.text)
    SPI4_IRQHandler                          0x080001c3   Thumb Code     0  startup_stm32f401xc.o(.text)
    TAMP_STAMP_IRQHandler                    0x080001c3   Thumb Code     0  startup_stm32f401xc.o(.text)
    TIM1_CC_IRQHandler                       0x080001c3   Thumb Code     0  startup_stm32f401xc.o(.text)
    TIM1_TRG_COM_TIM11_IRQHandler            0x080001c3   Thumb Code     0  startup_stm32f401xc.o(.text)
    TIM2_IRQHandler                          0x080001c3   Thumb Code     0  startup_stm32f401xc.o(.text)
    TIM3_IRQHandler                          0x080001c3   Thumb Code     0  startup_stm32f401xc.o(.text)
    TIM4_IRQHandler                          0x080001c3   Thumb Code     0  startup_stm32f401xc.o(.text)
    TIM5_IRQHandler                          0x080001c3   Thumb Code     0  startup_stm32f401xc.o(.text)
    WWDG_IRQHandler                          0x080001c3   Thumb Code     0  startup_stm32f401xc.o(.text)
    __aeabi_uldivmod                         0x080001cd   Thumb Code    98  uldiv.o(.text)
    __aeabi_dadd                             0x0800022f   Thumb Code   322  dadd.o(.text)
    __aeabi_dsub                             0x08000371   Thumb Code     6  dadd.o(.text)
    __aeabi_drsub                            0x08000377   Thumb Code     6  dadd.o(.text)
    __aeabi_dmul                             0x0800037d   Thumb Code   228  dmul.o(.text)
    __aeabi_ddiv                             0x08000461   Thumb Code   222  ddiv.o(.text)
    __aeabi_uidiv                            0x0800053f   Thumb Code     0  uidiv.o(.text)
    __aeabi_uidivmod                         0x0800053f   Thumb Code    44  uidiv.o(.text)
    __aeabi_llsl                             0x0800056b   Thumb Code    30  llshl.o(.text)
    _ll_shift_l                              0x0800056b   Thumb Code     0  llshl.o(.text)
    __aeabi_llsr                             0x08000589   Thumb Code    32  llushr.o(.text)
    _ll_ushift_r                             0x08000589   Thumb Code     0  llushr.o(.text)
    __aeabi_lasr                             0x080005a9   Thumb Code    36  llsshr.o(.text)
    _ll_sshift_r                             0x080005a9   Thumb Code     0  llsshr.o(.text)
    __I$use$fp                               0x080005cd   Thumb Code     0  iusefp.o(.text)
    _double_round                            0x080005cd   Thumb Code    30  depilogue.o(.text)
    _double_epilogue                         0x080005eb   Thumb Code   156  depilogue.o(.text)
    __aeabi_d2ulz                            0x08000687   Thumb Code    48  dfixul.o(.text)
    __aeabi_cdrcmple                         0x080006b9   Thumb Code    48  cdrcmple.o(.text)
    __scatterload                            0x080006e9   Thumb Code    38  init.o(.text)
    __scatterload_rt2                        0x080006e9   Thumb Code     0  init.o(.text)
    ADC_IRQHandler                           0x08000719   Thumb Code    12  stm32f4xx_it.o(.text.ADC_IRQHandler)
    BusFault_Handler                         0x08000725   Thumb Code     2  stm32f4xx_it.o(.text.BusFault_Handler)
    DebugMon_Handler                         0x08000729   Thumb Code     2  stm32f4xx_it.o(.text.DebugMon_Handler)
    EXTI15_10_IRQHandler                     0x0800072d   Thumb Code    22  stm32f4xx_it.o(.text.EXTI15_10_IRQHandler)
    Error_Handler                            0x08000745   Thumb Code     6  main.o(.text.Error_Handler)
    Find_Line_Begins                         0x0800074d   Thumb Code    60  fine_line.o(.text.Find_Line_Begins)
    HAL_ADCEx_InjectedConvCpltCallback       0x080007a9   Thumb Code     2  stm32f4xx_hal_adc_ex.o(.text.HAL_ADCEx_InjectedConvCpltCallback)
    HAL_ADC_ConfigChannel                    0x080007ad   Thumb Code   326  stm32f4xx_hal_adc.o(.text.HAL_ADC_ConfigChannel)
    HAL_ADC_ConvCpltCallback                 0x080008f5   Thumb Code    70  power.o(.text.HAL_ADC_ConvCpltCallback)
    HAL_ADC_ErrorCallback                    0x0800093d   Thumb Code     2  stm32f4xx_hal_adc.o(.text.HAL_ADC_ErrorCallback)
    HAL_ADC_GetValue                         0x08000941   Thumb Code     6  stm32f4xx_hal_adc.o(.text.HAL_ADC_GetValue)
    HAL_ADC_IRQHandler                       0x08000949   Thumb Code   310  stm32f4xx_hal_adc.o(.text.HAL_ADC_IRQHandler)
    HAL_ADC_Init                             0x08000a81   Thumb Code   350  stm32f4xx_hal_adc.o(.text.HAL_ADC_Init)
    HAL_ADC_LevelOutOfWindowCallback         0x08000be1   Thumb Code     2  stm32f4xx_hal_adc.o(.text.HAL_ADC_LevelOutOfWindowCallback)
    HAL_ADC_MspInit                          0x08000be5   Thumb Code   116  adc.o(.text.HAL_ADC_MspInit)
    HAL_ADC_Start_IT                         0x08000c59   Thumb Code   294  stm32f4xx_hal_adc.o(.text.HAL_ADC_Start_IT)
    HAL_DMA_Abort                            0x08000d81   Thumb Code   142  stm32f4xx_hal_dma.o(.text.HAL_DMA_Abort)
    HAL_DMA_Abort_IT                         0x08000e11   Thumb Code    36  stm32f4xx_hal_dma.o(.text.HAL_DMA_Abort_IT)
    HAL_Delay                                0x08000e35   Thumb Code    40  stm32f4xx_hal.o(.text.HAL_Delay)
    HAL_GPIO_EXTI_Callback                   0x08000e5d   Thumb Code    72  encoder.o(.text.HAL_GPIO_EXTI_Callback)
    HAL_GPIO_EXTI_IRQHandler                 0x08000ea5   Thumb Code    22  stm32f4xx_hal_gpio.o(.text.HAL_GPIO_EXTI_IRQHandler)
    HAL_GPIO_Init                            0x08000ebd   Thumb Code   414  stm32f4xx_hal_gpio.o(.text.HAL_GPIO_Init)
    HAL_GPIO_ReadPin                         0x0800105d   Thumb Code    10  stm32f4xx_hal_gpio.o(.text.HAL_GPIO_ReadPin)
    HAL_GPIO_WritePin                        0x08001069   Thumb Code    10  stm32f4xx_hal_gpio.o(.text.HAL_GPIO_WritePin)
    HAL_GetTick                              0x08001075   Thumb Code    12  stm32f4xx_hal.o(.text.HAL_GetTick)
    HAL_IncTick                              0x08001081   Thumb Code    26  stm32f4xx_hal.o(.text.HAL_IncTick)
    HAL_Init                                 0x0800109d   Thumb Code    54  stm32f4xx_hal.o(.text.HAL_Init)
    HAL_InitTick                             0x080010d5   Thumb Code    72  stm32f4xx_hal.o(.text.HAL_InitTick)
    HAL_MspInit                              0x0800111d   Thumb Code    56  stm32f4xx_hal_msp.o(.text.HAL_MspInit)
    HAL_NVIC_EnableIRQ                       0x08001155   Thumb Code    34  stm32f4xx_hal_cortex.o(.text.HAL_NVIC_EnableIRQ)
    HAL_NVIC_SetPriority                     0x08001179   Thumb Code    86  stm32f4xx_hal_cortex.o(.text.HAL_NVIC_SetPriority)
    HAL_NVIC_SetPriorityGrouping             0x080011d1   Thumb Code    32  stm32f4xx_hal_cortex.o(.text.HAL_NVIC_SetPriorityGrouping)
    HAL_RCC_ClockConfig                      0x080011f1   Thumb Code   356  stm32f4xx_hal_rcc.o(.text.HAL_RCC_ClockConfig)
    HAL_RCC_GetPCLK1Freq                     0x08001355   Thumb Code    38  stm32f4xx_hal_rcc.o(.text.HAL_RCC_GetPCLK1Freq)
    HAL_RCC_GetPCLK2Freq                     0x0800137d   Thumb Code    38  stm32f4xx_hal_rcc.o(.text.HAL_RCC_GetPCLK2Freq)
    HAL_RCC_GetSysClockFreq                  0x080013a5   Thumb Code   108  stm32f4xx_hal_rcc.o(.text.HAL_RCC_GetSysClockFreq)
    HAL_RCC_OscConfig                        0x08001411   Thumb Code   944  stm32f4xx_hal_rcc.o(.text.HAL_RCC_OscConfig)
    HAL_SYSTICK_Config                       0x080017c1   Thumb Code    44  stm32f4xx_hal_cortex.o(.text.HAL_SYSTICK_Config)
    HAL_TIMEx_BreakCallback                  0x080017ed   Thumb Code     2  stm32f4xx_hal_tim_ex.o(.text.HAL_TIMEx_BreakCallback)
    HAL_TIMEx_CommutCallback                 0x080017f1   Thumb Code     2  stm32f4xx_hal_tim_ex.o(.text.HAL_TIMEx_CommutCallback)
    HAL_TIMEx_ConfigBreakDeadTime            0x080017f5   Thumb Code    80  stm32f4xx_hal_tim_ex.o(.text.HAL_TIMEx_ConfigBreakDeadTime)
    HAL_TIMEx_MasterConfigSynchronization    0x08001845   Thumb Code   148  stm32f4xx_hal_tim_ex.o(.text.HAL_TIMEx_MasterConfigSynchronization)
    HAL_TIM_Base_Init                        0x080018d9   Thumb Code    90  stm32f4xx_hal_tim.o(.text.HAL_TIM_Base_Init)
    HAL_TIM_Base_MspInit                     0x08001935   Thumb Code   366  tim.o(.text.HAL_TIM_Base_MspInit)
    HAL_TIM_Base_Start                       0x08001aa5   Thumb Code   124  stm32f4xx_hal_tim.o(.text.HAL_TIM_Base_Start)
    HAL_TIM_Base_Start_IT                    0x08001b21   Thumb Code   132  stm32f4xx_hal_tim.o(.text.HAL_TIM_Base_Start_IT)
    HAL_TIM_ConfigClockSource                0x08001ba5   Thumb Code   416  stm32f4xx_hal_tim.o(.text.HAL_TIM_ConfigClockSource)
    HAL_TIM_IC_CaptureCallback               0x08001d45   Thumb Code     2  stm32f4xx_hal_tim.o(.text.HAL_TIM_IC_CaptureCallback)
    HAL_TIM_IC_ConfigChannel                 0x08001d49   Thumb Code   422  stm32f4xx_hal_tim.o(.text.HAL_TIM_IC_ConfigChannel)
    HAL_TIM_IC_Init                          0x08001ef1   Thumb Code    90  stm32f4xx_hal_tim.o(.text.HAL_TIM_IC_Init)
    HAL_TIM_IC_MspInit                       0x08001f4d   Thumb Code     2  stm32f4xx_hal_tim.o(.text.HAL_TIM_IC_MspInit)
    HAL_TIM_IRQHandler                       0x08001f51   Thumb Code   334  stm32f4xx_hal_tim.o(.text.HAL_TIM_IRQHandler)
    HAL_TIM_OC_DelayElapsedCallback          0x080020a1   Thumb Code     2  stm32f4xx_hal_tim.o(.text.HAL_TIM_OC_DelayElapsedCallback)
    HAL_TIM_PWM_ConfigChannel                0x080020a5   Thumb Code   504  stm32f4xx_hal_tim.o(.text.HAL_TIM_PWM_ConfigChannel)
    HAL_TIM_PWM_Init                         0x0800229d   Thumb Code    90  stm32f4xx_hal_tim.o(.text.HAL_TIM_PWM_Init)
    HAL_TIM_PWM_MspInit                      0x080022f9   Thumb Code     2  stm32f4xx_hal_tim.o(.text.HAL_TIM_PWM_MspInit)
    HAL_TIM_PWM_PulseFinishedCallback        0x080022fd   Thumb Code     2  stm32f4xx_hal_tim.o(.text.HAL_TIM_PWM_PulseFinishedCallback)
    HAL_TIM_PWM_Start                        0x08002301   Thumb Code   240  stm32f4xx_hal_tim.o(.text.HAL_TIM_PWM_Start)
    HAL_TIM_PeriodElapsedCallback            0x080023f1   Thumb Code   224  encoder.o(.text.HAL_TIM_PeriodElapsedCallback)
    HAL_TIM_TriggerCallback                  0x080024d1   Thumb Code     2  stm32f4xx_hal_tim.o(.text.HAL_TIM_TriggerCallback)
    HAL_UARTEx_RxEventCallback               0x080024d5   Thumb Code     2  stm32f4xx_hal_uart.o(.text.HAL_UARTEx_RxEventCallback)
    HAL_UART_ErrorCallback                   0x080024d9   Thumb Code     2  stm32f4xx_hal_uart.o(.text.HAL_UART_ErrorCallback)
    HAL_UART_IRQHandler                      0x080024dd   Thumb Code  1392  stm32f4xx_hal_uart.o(.text.HAL_UART_IRQHandler)
    HAL_UART_Init                            0x08002a4d   Thumb Code    96  stm32f4xx_hal_uart.o(.text.HAL_UART_Init)
    HAL_UART_MspInit                         0x08002aad   Thumb Code   342  usart.o(.text.HAL_UART_MspInit)
    HAL_UART_Receive_IT                      0x08002c05   Thumb Code    84  stm32f4xx_hal_uart.o(.text.HAL_UART_Receive_IT)
    HAL_UART_RxCpltCallback                  0x08002c59   Thumb Code    50  usart.o(.text.HAL_UART_RxCpltCallback)
    HAL_UART_Transmit                        0x08002c8d   Thumb Code   376  stm32f4xx_hal_uart.o(.text.HAL_UART_Transmit)
    HAL_UART_TxCpltCallback                  0x08002e05   Thumb Code     2  stm32f4xx_hal_uart.o(.text.HAL_UART_TxCpltCallback)
    HardFault_Handler                        0x08002e09   Thumb Code     2  stm32f4xx_it.o(.text.HardFault_Handler)
    MX_ADC1_Init                             0x08002e0d   Thumb Code   122  adc.o(.text.MX_ADC1_Init)
    MX_GPIO_Init                             0x08002e89   Thumb Code   336  gpio.o(.text.MX_GPIO_Init)
    MX_TIM10_Init                            0x08002fd9   Thumb Code    64  tim.o(.text.MX_TIM10_Init)
    MX_TIM1_Init                             0x08003019   Thumb Code   450  tim.o(.text.MX_TIM1_Init)
    MX_TIM3_Init                             0x080031dd   Thumb Code   442  tim.o(.text.MX_TIM3_Init)
    MX_TIM4_Init                             0x08003399   Thumb Code   454  tim.o(.text.MX_TIM4_Init)
    MX_TIM9_Init                             0x08003561   Thumb Code   106  tim.o(.text.MX_TIM9_Init)
    MX_USART1_UART_Init                      0x080035cd   Thumb Code    62  usart.o(.text.MX_USART1_UART_Init)
    MX_USART2_UART_Init                      0x0800360d   Thumb Code    60  usart.o(.text.MX_USART2_UART_Init)
    MX_USART6_UART_Init                      0x08003649   Thumb Code    96  usart.o(.text.MX_USART6_UART_Init)
    MemManage_Handler                        0x080036a9   Thumb Code     2  stm32f4xx_it.o(.text.MemManage_Handler)
    Moto_forward_run                         0x080036ad   Thumb Code    62  moto_control.o(.text.Moto_forward_run)
    Moto_stop                                0x080036ed   Thumb Code    62  moto_control.o(.text.Moto_stop)
    Moto_turn_left                           0x0800372d   Thumb Code    62  moto_control.o(.text.Moto_turn_left)
    Moto_turn_right                          0x0800376d   Thumb Code    62  moto_control.o(.text.Moto_turn_right)
    NMI_Handler                              0x080037ad   Thumb Code     2  stm32f4xx_it.o(.text.NMI_Handler)
    OLED_Clear                               0x080037b1   Thumb Code   232  oled.o(.text.OLED_Clear)
    OLED_Init                                0x08003899   Thumb Code   196  oled.o(.text.OLED_Init)
    OLED_ShowChar                            0x0800395d   Thumb Code   278  oled.o(.text.OLED_ShowChar)
    OLED_ShowNumber                          0x08003a75   Thumb Code   270  oled.o(.text.OLED_ShowNumber)
    Openmv_Receive_Data                      0x08003b85   Thumb Code   248  usart.o(.text.Openmv_Receive_Data)
    PendSV_Handler                           0x08003c7d   Thumb Code     2  stm32f4xx_it.o(.text.PendSV_Handler)
    SVC_Handler                              0x08003c81   Thumb Code     2  stm32f4xx_it.o(.text.SVC_Handler)
    SendDataToOpenmv                         0x08003c85   Thumb Code   304  usart.o(.text.SendDataToOpenmv)
    SetTargetRoom                            0x08003db5   Thumb Code   180  usart.o(.text.SetTargetRoom)
    SysTick_Handler                          0x08003e69   Thumb Code     4  stm32f4xx_it.o(.text.SysTick_Handler)
    SystemClock_Config                       0x08003e6d   Thumb Code   164  main.o(.text.SystemClock_Config)
    SystemInit                               0x08003f11   Thumb Code    18  system_stm32f4xx.o(.text.SystemInit)
    TIM1_BRK_TIM9_IRQHandler                 0x08003f25   Thumb Code    30  stm32f4xx_it.o(.text.TIM1_BRK_TIM9_IRQHandler)
    TIM1_UP_TIM10_IRQHandler                 0x08003f45   Thumb Code    30  stm32f4xx_it.o(.text.TIM1_UP_TIM10_IRQHandler)
    TIM_Base_SetConfig                       0x08003f65   Thumb Code   254  stm32f4xx_hal_tim.o(.text.TIM_Base_SetConfig)
    USART1_IRQHandler                        0x08004261   Thumb Code    12  stm32f4xx_it.o(.text.USART1_IRQHandler)
    USART2_IRQHandler                        0x0800426d   Thumb Code    12  stm32f4xx_it.o(.text.USART2_IRQHandler)
    USART6_IRQHandler                        0x08004279   Thumb Code    12  stm32f4xx_it.o(.text.USART6_IRQHandler)
    UsageFault_Handler                       0x08004285   Thumb Code     2  stm32f4xx_it.o(.text.UsageFault_Handler)
    Write_IIC_Byte                           0x08004289   Thumb Code   330  oled.o(.text.Write_IIC_Byte)
    Write_IIC_Command                        0x080043d5   Thumb Code   190  oled.o(.text.Write_IIC_Command)
    Write_IIC_Data                           0x08004495   Thumb Code   190  oled.o(.text.Write_IIC_Data)
    get_LedFind_Scan                         0x08004555   Thumb Code   312  fine_line.o(.text.get_LedFind_Scan)
    main                                     0x0800468d   Thumb Code  4450  main.o(.text.main)
    moto_control_l                           0x080057f1   Thumb Code   152  moto_control.o(.text.moto_control_l)
    moto_control_r                           0x08005899   Thumb Code   152  moto_control.o(.text.moto_control_r)
    oled_show                                0x08005945   Thumb Code   596  oled.o(.text.oled_show)
    __0sprintf                               0x08005bad   Thumb Code    34  printfa.o(i.__0sprintf)
    __1sprintf                               0x08005bad   Thumb Code     0  printfa.o(i.__0sprintf)
    __2sprintf                               0x08005bad   Thumb Code     0  printfa.o(i.__0sprintf)
    __c89sprintf                             0x08005bad   Thumb Code     0  printfa.o(i.__0sprintf)
    sprintf                                  0x08005bad   Thumb Code     0  printfa.o(i.__0sprintf)
    __scatterload_copy                       0x08005bd5   Thumb Code    14  handlers.o(i.__scatterload_copy)
    __scatterload_null                       0x08005be3   Thumb Code     2  handlers.o(i.__scatterload_null)
    __scatterload_zeroinit                   0x08005be5   Thumb Code    14  handlers.o(i.__scatterload_zeroinit)
    AHBPrescTable                            0x080064b0   Data          16  system_stm32f4xx.o(.rodata.AHBPrescTable)
    APBPrescTable                            0x080064c0   Data           8  system_stm32f4xx.o(.rodata.APBPrescTable)
    F6x8                                     0x080064c8   Data         552  oled.o(.rodata.F6x8)
    F8X16                                    0x080066f0   Data        1520  oled.o(.rodata.F8X16)
    Region$$Table$$Base                      0x08006ce8   Number         0  anon$$obj.o(Region$$Table)
    Region$$Table$$Limit                     0x08006d08   Number         0  anon$$obj.o(Region$$Table)
    TASK                                     0x20000000   Data           1  usart.o(.data..L_MergedGlobals)
    TargetRoom                               0x20000001   Data           1  usart.o(.data..L_MergedGlobals)
    uwTickFreq                               0x20000004   Data           1  stm32f4xx_hal.o(.data..L_MergedGlobals)
    uwTickPrio                               0x20000008   Data           4  stm32f4xx_hal.o(.data..L_MergedGlobals)
    Flag_Stop                                0x2000000c   Data           1  main.o(.data.Flag_Stop)
    SystemCoreClock                          0x20000010   Data           4  system_stm32f4xx.o(.data.SystemCoreClock)
    encoder_mlist                            0x20000014   Data          40  encoder.o(.data.encoder_mlist)
    Do_count                                 0x20000040   Data           1  main.o(.bss..L_MergedGlobals)
    Do2_count                                0x20000041   Data           1  main.o(.bss..L_MergedGlobals)
    car_speed_l                              0x20000042   Data           1  main.o(.bss..L_MergedGlobals)
    car_speed_r                              0x20000043   Data           1  main.o(.bss..L_MergedGlobals)
    Load_mode                                0x20000044   Data           1  main.o(.bss..L_MergedGlobals)
    Load_flag                                0x20000045   Data           1  main.o(.bss..L_MergedGlobals)
    Stop_Flag                                0x20000046   Data           1  main.o(.bss..L_MergedGlobals)
    Spin_succeed_flag                        0x20000047   Data           1  main.o(.bss..L_MergedGlobals)
    Spin_start_flag                          0x20000048   Data           1  main.o(.bss..L_MergedGlobals)
    NotLoadCount                             0x20000049   Data           1  main.o(.bss..L_MergedGlobals)
    LoadCount                                0x2000004a   Data           1  main.o(.bss..L_MergedGlobals)
    SendTime                                 0x2000004c   Data           2  main.o(.bss..L_MergedGlobals)
    Turn                                     0x20000050   Data           4  main.o(.bss..L_MergedGlobals)
    Velocity                                 0x20000054   Data           4  main.o(.bss..L_MergedGlobals)
    count                                    0x20000058   Data           1  encoder.o(.bss..L_MergedGlobals)
    lukou_straight                           0x2000005a   Data           2  encoder.o(.bss..L_MergedGlobals)
    intersection                             0x20000072   Data           1  fine_line.o(.bss..L_MergedGlobals)
    final_intersection                       0x20000073   Data           1  fine_line.o(.bss..L_MergedGlobals)
    low_pin_count                            0x20000074   Data           1  fine_line.o(.bss..L_MergedGlobals)
    Num                                      0x20000078   Data           1  usart.o(.bss..L_MergedGlobals.1)
    LoR                                      0x20000079   Data           1  usart.o(.bss..L_MergedGlobals.1)
    Finded_flag                              0x2000007a   Data           1  usart.o(.bss..L_MergedGlobals.1)
    FindTask                                 0x2000007b   Data           1  usart.o(.bss..L_MergedGlobals.1)
    NumCount                                 0x2000007c   Data           1  usart.o(.bss..L_MergedGlobals.1)
    TargetNum                                0x2000007d   Data           1  usart.o(.bss..L_MergedGlobals.1)
    RoomNum                                  0x2000007e   Data           1  usart.o(.bss..L_MergedGlobals.1)
    LastNum                                  0x2000007f   Data           1  usart.o(.bss..L_MergedGlobals.1)
    have                                     0x20000082   Data           1  usart.o(.bss..L_MergedGlobals.1)
    Openmv_Receive_Buffer                    0x20000083   Data           1  usart.o(.bss..L_MergedGlobals.1)
    GetOpenmvDataCount                       0x20000084   Data           4  usart.o(.bss..L_MergedGlobals.1)
    sendBuf                                  0x20000088   Data           5  usart.o(.bss..L_MergedGlobals.1)
    huart1                                   0x200000a4   Data          72  usart.o(.bss..L_MergedGlobals.1)
    hadc1                                    0x200000f0   Data          72  adc.o(.bss.hadc1)
    htim1                                    0x20000138   Data          72  tim.o(.bss.htim1)
    htim10                                   0x20000180   Data          72  tim.o(.bss.htim10)
    htim3                                    0x200001c8   Data          72  tim.o(.bss.htim3)
    htim4                                    0x20000210   Data          72  tim.o(.bss.htim4)
    htim9                                    0x20000258   Data          72  tim.o(.bss.htim9)
    huart2                                   0x200002a0   Data          72  usart.o(.bss.huart2)
    huart6                                   0x200002e8   Data          72  usart.o(.bss.huart6)
    show_1                                   0x20000338   Data          30  oled.o(.bss.show_1)
    uwTick                                   0x20000358   Data           4  stm32f4xx_hal.o(.bss.uwTick)
    __initial_sp                             0x20000760   Data           0  startup_stm32f401xc.o(STACK)



==============================================================================

Memory Map of the image

  Image Entry point : 0x08000195

  Load Region LR_IROM1 (Base: 0x08000000, Size: 0x00006d48, Max: 0x00040000, ABSOLUTE)

    Execution Region ER_IROM1 (Exec base: 0x08000000, Load base: 0x08000000, Size: 0x00006d08, Max: 0x00040000, ABSOLUTE)

    Exec Addr    Load Addr    Size         Type   Attr      Idx    E Section Name        Object

    0x08000000   0x08000000   0x00000194   Data   RO            3    RESET               startup_stm32f401xc.o
    0x08000194   0x08000194   0x00000000   Code   RO         1282  * .ARM.Collect$$$$00000000  mc_w.l(entry.o)
    0x08000194   0x08000194   0x00000004   Code   RO         1562    .ARM.Collect$$$$00000001  mc_w.l(entry2.o)
    0x08000198   0x08000198   0x00000004   Code   RO         1565    .ARM.Collect$$$$00000004  mc_w.l(entry5.o)
    0x0800019c   0x0800019c   0x00000000   Code   RO         1567    .ARM.Collect$$$$00000008  mc_w.l(entry7b.o)
    0x0800019c   0x0800019c   0x00000000   Code   RO         1569    .ARM.Collect$$$$0000000A  mc_w.l(entry8b.o)
    0x0800019c   0x0800019c   0x00000008   Code   RO         1570    .ARM.Collect$$$$0000000B  mc_w.l(entry9a.o)
    0x080001a4   0x080001a4   0x00000000   Code   RO         1572    .ARM.Collect$$$$0000000D  mc_w.l(entry10a.o)
    0x080001a4   0x080001a4   0x00000000   Code   RO         1574    .ARM.Collect$$$$0000000F  mc_w.l(entry11a.o)
    0x080001a4   0x080001a4   0x00000004   Code   RO         1563    .ARM.Collect$$$$00002712  mc_w.l(entry2.o)
    0x080001a8   0x080001a8   0x00000024   Code   RO            4    .text               startup_stm32f401xc.o
    0x080001cc   0x080001cc   0x00000062   Code   RO         1289    .text               mc_w.l(uldiv.o)
    0x0800022e   0x0800022e   0x0000014e   Code   RO         1552    .text               mf_w.l(dadd.o)
    0x0800037c   0x0800037c   0x000000e4   Code   RO         1554    .text               mf_w.l(dmul.o)
    0x08000460   0x08000460   0x000000de   Code   RO         1556    .text               mf_w.l(ddiv.o)
    0x0800053e   0x0800053e   0x0000002c   Code   RO         1586    .text               mc_w.l(uidiv.o)
    0x0800056a   0x0800056a   0x0000001e   Code   RO         1588    .text               mc_w.l(llshl.o)
    0x08000588   0x08000588   0x00000020   Code   RO         1590    .text               mc_w.l(llushr.o)
    0x080005a8   0x080005a8   0x00000024   Code   RO         1592    .text               mc_w.l(llsshr.o)
    0x080005cc   0x080005cc   0x00000000   Code   RO         1594    .text               mc_w.l(iusefp.o)
    0x080005cc   0x080005cc   0x000000ba   Code   RO         1597    .text               mf_w.l(depilogue.o)
    0x08000686   0x08000686   0x00000030   Code   RO         1599    .text               mf_w.l(dfixul.o)
    0x080006b6   0x080006b6   0x00000002   PAD
    0x080006b8   0x080006b8   0x00000030   Code   RO         1601    .text               mf_w.l(cdrcmple.o)
    0x080006e8   0x080006e8   0x00000030   Code   RO         1603    .text               mc_w.l(init.o)
    0x08000718   0x08000718   0x0000000c   Code   RO          142    .text.ADC_IRQHandler  stm32f4xx_it.o
    0x08000724   0x08000724   0x00000002   Code   RO          130    .text.BusFault_Handler  stm32f4xx_it.o
    0x08000726   0x08000726   0x00000002   PAD
    0x08000728   0x08000728   0x00000002   Code   RO          136    .text.DebugMon_Handler  stm32f4xx_it.o
    0x0800072a   0x0800072a   0x00000002   PAD
    0x0800072c   0x0800072c   0x00000016   Code   RO          152    .text.EXTI15_10_IRQHandler  stm32f4xx_it.o
    0x08000742   0x08000742   0x00000002   PAD
    0x08000744   0x08000744   0x00000006   Code   RO           21    .text.Error_Handler  main.o
    0x0800074a   0x0800074a   0x00000002   PAD
    0x0800074c   0x0800074c   0x0000005c   Code   RO         1252    .text.Find_Line_Begins  fine_line.o
    0x080007a8   0x080007a8   0x00000002   Code   RO          253    .text.HAL_ADCEx_InjectedConvCpltCallback  stm32f4xx_hal_adc_ex.o
    0x080007aa   0x080007aa   0x00000002   PAD
    0x080007ac   0x080007ac   0x00000146   Code   RO          213    .text.HAL_ADC_ConfigChannel  stm32f4xx_hal_adc.o
    0x080008f2   0x080008f2   0x00000002   PAD
    0x080008f4   0x080008f4   0x00000046   Code   RO         1185    .text.HAL_ADC_ConvCpltCallback  power.o
    0x0800093a   0x0800093a   0x00000002   PAD
    0x0800093c   0x0800093c   0x00000002   Code   RO          197    .text.HAL_ADC_ErrorCallback  stm32f4xx_hal_adc.o
    0x0800093e   0x0800093e   0x00000002   PAD
    0x08000940   0x08000940   0x00000006   Code   RO          209    .text.HAL_ADC_GetValue  stm32f4xx_hal_adc.o
    0x08000946   0x08000946   0x00000002   PAD
    0x08000948   0x08000948   0x00000136   Code   RO          191    .text.HAL_ADC_IRQHandler  stm32f4xx_hal_adc.o
    0x08000a7e   0x08000a7e   0x00000002   PAD
    0x08000a80   0x08000a80   0x0000015e   Code   RO          171    .text.HAL_ADC_Init  stm32f4xx_hal_adc.o
    0x08000bde   0x08000bde   0x00000002   PAD
    0x08000be0   0x08000be0   0x00000002   Code   RO          195    .text.HAL_ADC_LevelOutOfWindowCallback  stm32f4xx_hal_adc.o
    0x08000be2   0x08000be2   0x00000002   PAD
    0x08000be4   0x08000be4   0x00000074   Code   RO           48    .text.HAL_ADC_MspInit  adc.o
    0x08000c58   0x08000c58   0x00000126   Code   RO          187    .text.HAL_ADC_Start_IT  stm32f4xx_hal_adc.o
    0x08000d7e   0x08000d7e   0x00000002   PAD
    0x08000d80   0x08000d80   0x0000008e   Code   RO          432    .text.HAL_DMA_Abort  stm32f4xx_hal_dma.o
    0x08000e0e   0x08000e0e   0x00000002   PAD
    0x08000e10   0x08000e10   0x00000024   Code   RO          434    .text.HAL_DMA_Abort_IT  stm32f4xx_hal_dma.o
    0x08000e34   0x08000e34   0x00000028   Code   RO          595    .text.HAL_Delay     stm32f4xx_hal.o
    0x08000e5c   0x08000e5c   0x00000048   Code   RO         1121    .text.HAL_GPIO_EXTI_Callback  encoder.o
    0x08000ea4   0x08000ea4   0x00000016   Code   RO          398    .text.HAL_GPIO_EXTI_IRQHandler  stm32f4xx_hal_gpio.o
    0x08000eba   0x08000eba   0x00000002   PAD
    0x08000ebc   0x08000ebc   0x0000019e   Code   RO          386    .text.HAL_GPIO_Init  stm32f4xx_hal_gpio.o
    0x0800105a   0x0800105a   0x00000002   PAD
    0x0800105c   0x0800105c   0x0000000a   Code   RO          390    .text.HAL_GPIO_ReadPin  stm32f4xx_hal_gpio.o
    0x08001066   0x08001066   0x00000002   PAD
    0x08001068   0x08001068   0x0000000a   Code   RO          392    .text.HAL_GPIO_WritePin  stm32f4xx_hal_gpio.o
    0x08001072   0x08001072   0x00000002   PAD
    0x08001074   0x08001074   0x0000000c   Code   RO          587    .text.HAL_GetTick   stm32f4xx_hal.o
    0x08001080   0x08001080   0x0000001a   Code   RO          585    .text.HAL_IncTick   stm32f4xx_hal.o
    0x0800109a   0x0800109a   0x00000002   PAD
    0x0800109c   0x0800109c   0x00000036   Code   RO          575    .text.HAL_Init      stm32f4xx_hal.o
    0x080010d2   0x080010d2   0x00000002   PAD
    0x080010d4   0x080010d4   0x00000048   Code   RO          577    .text.HAL_InitTick  stm32f4xx_hal.o
    0x0800111c   0x0800111c   0x00000038   Code   RO          163    .text.HAL_MspInit   stm32f4xx_hal_msp.o
    0x08001154   0x08001154   0x00000022   Code   RO          531    .text.HAL_NVIC_EnableIRQ  stm32f4xx_hal_cortex.o
    0x08001176   0x08001176   0x00000002   PAD
    0x08001178   0x08001178   0x00000056   Code   RO          529    .text.HAL_NVIC_SetPriority  stm32f4xx_hal_cortex.o
    0x080011ce   0x080011ce   0x00000002   PAD
    0x080011d0   0x080011d0   0x00000020   Code   RO          527    .text.HAL_NVIC_SetPriorityGrouping  stm32f4xx_hal_cortex.o
    0x080011f0   0x080011f0   0x00000164   Code   RO          272    .text.HAL_RCC_ClockConfig  stm32f4xx_hal_rcc.o
    0x08001354   0x08001354   0x00000026   Code   RO          284    .text.HAL_RCC_GetPCLK1Freq  stm32f4xx_hal_rcc.o
    0x0800137a   0x0800137a   0x00000002   PAD
    0x0800137c   0x0800137c   0x00000026   Code   RO          286    .text.HAL_RCC_GetPCLK2Freq  stm32f4xx_hal_rcc.o
    0x080013a2   0x080013a2   0x00000002   PAD
    0x080013a4   0x080013a4   0x0000006c   Code   RO          274    .text.HAL_RCC_GetSysClockFreq  stm32f4xx_hal_rcc.o
    0x08001410   0x08001410   0x000003b0   Code   RO          270    .text.HAL_RCC_OscConfig  stm32f4xx_hal_rcc.o
    0x080017c0   0x080017c0   0x0000002c   Code   RO          539    .text.HAL_SYSTICK_Config  stm32f4xx_hal_cortex.o
    0x080017ec   0x080017ec   0x00000002   Code   RO          970    .text.HAL_TIMEx_BreakCallback  stm32f4xx_hal_tim_ex.o
    0x080017ee   0x080017ee   0x00000002   PAD
    0x080017f0   0x080017f0   0x00000002   Code   RO          966    .text.HAL_TIMEx_CommutCallback  stm32f4xx_hal_tim_ex.o
    0x080017f2   0x080017f2   0x00000002   PAD
    0x080017f4   0x080017f4   0x00000050   Code   RO          962    .text.HAL_TIMEx_ConfigBreakDeadTime  stm32f4xx_hal_tim_ex.o
    0x08001844   0x08001844   0x00000094   Code   RO          960    .text.HAL_TIMEx_MasterConfigSynchronization  stm32f4xx_hal_tim_ex.o
    0x080018d8   0x080018d8   0x0000005a   Code   RO          665    .text.HAL_TIM_Base_Init  stm32f4xx_hal_tim.o
    0x08001932   0x08001932   0x00000002   PAD
    0x08001934   0x08001934   0x0000016e   Code   RO           73    .text.HAL_TIM_Base_MspInit  tim.o
    0x08001aa2   0x08001aa2   0x00000002   PAD
    0x08001aa4   0x08001aa4   0x0000007c   Code   RO          675    .text.HAL_TIM_Base_Start  stm32f4xx_hal_tim.o
    0x08001b20   0x08001b20   0x00000084   Code   RO          679    .text.HAL_TIM_Base_Start_IT  stm32f4xx_hal_tim.o
    0x08001ba4   0x08001ba4   0x000001a0   Code   RO          845    .text.HAL_TIM_ConfigClockSource  stm32f4xx_hal_tim.o
    0x08001d44   0x08001d44   0x00000002   Code   RO          801    .text.HAL_TIM_IC_CaptureCallback  stm32f4xx_hal_tim.o
    0x08001d46   0x08001d46   0x00000002   PAD
    0x08001d48   0x08001d48   0x000001a6   Code   RO          815    .text.HAL_TIM_IC_ConfigChannel  stm32f4xx_hal_tim.o
    0x08001eee   0x08001eee   0x00000002   PAD
    0x08001ef0   0x08001ef0   0x0000005a   Code   RO          739    .text.HAL_TIM_IC_Init  stm32f4xx_hal_tim.o
    0x08001f4a   0x08001f4a   0x00000002   PAD
    0x08001f4c   0x08001f4c   0x00000002   Code   RO          741    .text.HAL_TIM_IC_MspInit  stm32f4xx_hal_tim.o
    0x08001f4e   0x08001f4e   0x00000002   PAD
    0x08001f50   0x08001f50   0x0000014e   Code   RO          799    .text.HAL_TIM_IRQHandler  stm32f4xx_hal_tim.o
    0x0800209e   0x0800209e   0x00000002   PAD
    0x080020a0   0x080020a0   0x00000002   Code   RO          803    .text.HAL_TIM_OC_DelayElapsedCallback  stm32f4xx_hal_tim.o
    0x080020a2   0x080020a2   0x00000002   PAD
    0x080020a4   0x080020a4   0x000001f8   Code   RO          819    .text.HAL_TIM_PWM_ConfigChannel  stm32f4xx_hal_tim.o
    0x0800229c   0x0800229c   0x0000005a   Code   RO          719    .text.HAL_TIM_PWM_Init  stm32f4xx_hal_tim.o
    0x080022f6   0x080022f6   0x00000002   PAD
    0x080022f8   0x080022f8   0x00000002   Code   RO          721    .text.HAL_TIM_PWM_MspInit  stm32f4xx_hal_tim.o
    0x080022fa   0x080022fa   0x00000002   PAD
    0x080022fc   0x080022fc   0x00000002   Code   RO          805    .text.HAL_TIM_PWM_PulseFinishedCallback  stm32f4xx_hal_tim.o
    0x080022fe   0x080022fe   0x00000002   PAD
    0x08002300   0x08002300   0x000000f0   Code   RO          727    .text.HAL_TIM_PWM_Start  stm32f4xx_hal_tim.o
    0x080023f0   0x080023f0   0x000000e0   Code   RO         1123    .text.HAL_TIM_PeriodElapsedCallback  encoder.o
    0x080024d0   0x080024d0   0x00000002   Code   RO          809    .text.HAL_TIM_TriggerCallback  stm32f4xx_hal_tim.o
    0x080024d2   0x080024d2   0x00000002   PAD
    0x080024d4   0x080024d4   0x00000002   Code   RO         1070    .text.HAL_UARTEx_RxEventCallback  stm32f4xx_hal_uart.o
    0x080024d6   0x080024d6   0x00000002   PAD
    0x080024d8   0x080024d8   0x00000002   Code   RO         1068    .text.HAL_UART_ErrorCallback  stm32f4xx_hal_uart.o
    0x080024da   0x080024da   0x00000002   PAD
    0x080024dc   0x080024dc   0x00000570   Code   RO         1062    .text.HAL_UART_IRQHandler  stm32f4xx_hal_uart.o
    0x08002a4c   0x08002a4c   0x00000060   Code   RO          984    .text.HAL_UART_Init  stm32f4xx_hal_uart.o
    0x08002aac   0x08002aac   0x00000156   Code   RO           98    .text.HAL_UART_MspInit  usart.o
    0x08002c02   0x08002c02   0x00000002   PAD
    0x08002c04   0x08002c04   0x00000054   Code   RO         1006    .text.HAL_UART_Receive_IT  stm32f4xx_hal_uart.o
    0x08002c58   0x08002c58   0x00000032   Code   RO          108    .text.HAL_UART_RxCpltCallback  usart.o
    0x08002c8a   0x08002c8a   0x00000002   PAD
    0x08002c8c   0x08002c8c   0x00000178   Code   RO         1000    .text.HAL_UART_Transmit  stm32f4xx_hal_uart.o
    0x08002e04   0x08002e04   0x00000002   Code   RO         1072    .text.HAL_UART_TxCpltCallback  stm32f4xx_hal_uart.o
    0x08002e06   0x08002e06   0x00000002   PAD
    0x08002e08   0x08002e08   0x00000002   Code   RO          126    .text.HardFault_Handler  stm32f4xx_it.o
    0x08002e0a   0x08002e0a   0x00000002   PAD
    0x08002e0c   0x08002e0c   0x0000007a   Code   RO           46    .text.MX_ADC1_Init  adc.o
    0x08002e86   0x08002e86   0x00000002   PAD
    0x08002e88   0x08002e88   0x00000150   Code   RO           36    .text.MX_GPIO_Init  gpio.o
    0x08002fd8   0x08002fd8   0x00000040   Code   RO           71    .text.MX_TIM10_Init  tim.o
    0x08003018   0x08003018   0x000001c2   Code   RO           61    .text.MX_TIM1_Init  tim.o
    0x080031da   0x080031da   0x00000002   PAD
    0x080031dc   0x080031dc   0x000001ba   Code   RO           65    .text.MX_TIM3_Init  tim.o
    0x08003396   0x08003396   0x00000002   PAD
    0x08003398   0x08003398   0x000001c6   Code   RO           67    .text.MX_TIM4_Init  tim.o
    0x0800355e   0x0800355e   0x00000002   PAD
    0x08003560   0x08003560   0x0000006a   Code   RO           69    .text.MX_TIM9_Init  tim.o
    0x080035ca   0x080035ca   0x00000002   PAD
    0x080035cc   0x080035cc   0x0000003e   Code   RO           92    .text.MX_USART1_UART_Init  usart.o
    0x0800360a   0x0800360a   0x00000002   PAD
    0x0800360c   0x0800360c   0x0000003c   Code   RO           94    .text.MX_USART2_UART_Init  usart.o
    0x08003648   0x08003648   0x00000060   Code   RO           96    .text.MX_USART6_UART_Init  usart.o
    0x080036a8   0x080036a8   0x00000002   Code   RO          128    .text.MemManage_Handler  stm32f4xx_it.o
    0x080036aa   0x080036aa   0x00000002   PAD
    0x080036ac   0x080036ac   0x0000003e   Code   RO         1135    .text.Moto_forward_run  moto_control.o
    0x080036ea   0x080036ea   0x00000002   PAD
    0x080036ec   0x080036ec   0x0000003e   Code   RO         1139    .text.Moto_stop     moto_control.o
    0x0800372a   0x0800372a   0x00000002   PAD
    0x0800372c   0x0800372c   0x0000003e   Code   RO         1141    .text.Moto_turn_left  moto_control.o
    0x0800376a   0x0800376a   0x00000002   PAD
    0x0800376c   0x0800376c   0x0000003e   Code   RO         1143    .text.Moto_turn_right  moto_control.o
    0x080037aa   0x080037aa   0x00000002   PAD
    0x080037ac   0x080037ac   0x00000002   Code   RO          124    .text.NMI_Handler   stm32f4xx_it.o
    0x080037ae   0x080037ae   0x00000002   PAD
    0x080037b0   0x080037b0   0x000000e8   Code   RO         1218    .text.OLED_Clear    oled.o
    0x08003898   0x08003898   0x000000c4   Code   RO         1230    .text.OLED_Init     oled.o
    0x0800395c   0x0800395c   0x00000116   Code   RO         1222    .text.OLED_ShowChar  oled.o
    0x08003a72   0x08003a72   0x00000002   PAD
    0x08003a74   0x08003a74   0x0000010e   Code   RO         1232    .text.OLED_ShowNumber  oled.o
    0x08003b82   0x08003b82   0x00000002   PAD
    0x08003b84   0x08003b84   0x000000f8   Code   RO          106    .text.Openmv_Receive_Data  usart.o
    0x08003c7c   0x08003c7c   0x00000002   Code   RO          138    .text.PendSV_Handler  stm32f4xx_it.o
    0x08003c7e   0x08003c7e   0x00000002   PAD
    0x08003c80   0x08003c80   0x00000002   Code   RO          134    .text.SVC_Handler   stm32f4xx_it.o
    0x08003c82   0x08003c82   0x00000002   PAD
    0x08003c84   0x08003c84   0x00000130   Code   RO          102    .text.SendDataToOpenmv  usart.o
    0x08003db4   0x08003db4   0x000000b4   Code   RO          104    .text.SetTargetRoom  usart.o
    0x08003e68   0x08003e68   0x00000004   Code   RO          140    .text.SysTick_Handler  stm32f4xx_it.o
    0x08003e6c   0x08003e6c   0x000000a4   Code   RO           13    .text.SystemClock_Config  main.o
    0x08003f10   0x08003f10   0x00000012   Code   RO         1106    .text.SystemInit    system_stm32f4xx.o
    0x08003f22   0x08003f22   0x00000002   PAD
    0x08003f24   0x08003f24   0x0000001e   Code   RO          144    .text.TIM1_BRK_TIM9_IRQHandler  stm32f4xx_it.o
    0x08003f42   0x08003f42   0x00000002   PAD
    0x08003f44   0x08003f44   0x0000001e   Code   RO          146    .text.TIM1_UP_TIM10_IRQHandler  stm32f4xx_it.o
    0x08003f62   0x08003f62   0x00000002   PAD
    0x08003f64   0x08003f64   0x000000fe   Code   RO          669    .text.TIM_Base_SetConfig  stm32f4xx_hal_tim.o
    0x08004062   0x08004062   0x00000002   PAD
    0x08004064   0x08004064   0x0000000c   Code   RO         1066    .text.UART_DMAAbortOnError  stm32f4xx_hal_uart.o
    0x08004070   0x08004070   0x000000fe   Code   RO         1064    .text.UART_Receive_IT  stm32f4xx_hal_uart.o
    0x0800416e   0x0800416e   0x00000002   PAD
    0x08004170   0x08004170   0x000000ee   Code   RO          988    .text.UART_SetConfig  stm32f4xx_hal_uart.o
    0x0800425e   0x0800425e   0x00000002   PAD
    0x08004260   0x08004260   0x0000000c   Code   RO          148    .text.USART1_IRQHandler  stm32f4xx_it.o
    0x0800426c   0x0800426c   0x0000000c   Code   RO          150    .text.USART2_IRQHandler  stm32f4xx_it.o
    0x08004278   0x08004278   0x0000000c   Code   RO          154    .text.USART6_IRQHandler  stm32f4xx_it.o
    0x08004284   0x08004284   0x00000002   Code   RO          132    .text.UsageFault_Handler  stm32f4xx_it.o
    0x08004286   0x08004286   0x00000002   PAD
    0x08004288   0x08004288   0x0000014a   Code   RO         1202    .text.Write_IIC_Byte  oled.o
    0x080043d2   0x080043d2   0x00000002   PAD
    0x080043d4   0x080043d4   0x000000be   Code   RO         1204    .text.Write_IIC_Command  oled.o
    0x08004492   0x08004492   0x00000002   PAD
    0x08004494   0x08004494   0x000000be   Code   RO         1206    .text.Write_IIC_Data  oled.o
    0x08004552   0x08004552   0x00000002   PAD
    0x08004554   0x08004554   0x00000138   Code   RO         1250    .text.get_LedFind_Scan  fine_line.o
    0x0800468c   0x0800468c   0x00001162   Code   RO           11    .text.main          main.o
    0x080057ee   0x080057ee   0x00000002   PAD
    0x080057f0   0x080057f0   0x000000a8   Code   RO         1145    .text.moto_control_l  moto_control.o
    0x08005898   0x08005898   0x000000ac   Code   RO         1147    .text.moto_control_r  moto_control.o
    0x08005944   0x08005944   0x00000268   Code   RO         1234    .text.oled_show     oled.o
    0x08005bac   0x08005bac   0x00000028   Code   RO         1526    i.__0sprintf        mc_w.l(printfa.o)
    0x08005bd4   0x08005bd4   0x0000000e   Code   RO         1607    i.__scatterload_copy  mc_w.l(handlers.o)
    0x08005be2   0x08005be2   0x00000002   Code   RO         1608    i.__scatterload_null  mc_w.l(handlers.o)
    0x08005be4   0x08005be4   0x0000000e   Code   RO         1609    i.__scatterload_zeroinit  mc_w.l(handlers.o)
    0x08005bf2   0x08005bf2   0x00000002   PAD
    0x08005bf4   0x08005bf4   0x00000184   Code   RO         1531    i._fp_digits        mc_w.l(printfa.o)
    0x08005d78   0x08005d78   0x000006dc   Code   RO         1532    i._printf_core      mc_w.l(printfa.o)
    0x08006454   0x08006454   0x00000024   Code   RO         1533    i._printf_post_padding  mc_w.l(printfa.o)
    0x08006478   0x08006478   0x0000002e   Code   RO         1534    i._printf_pre_padding  mc_w.l(printfa.o)
    0x080064a6   0x080064a6   0x0000000a   Code   RO         1536    i._sputc            mc_w.l(printfa.o)
    0x080064b0   0x080064b0   0x00000010   Data   RO         1111    .rodata.AHBPrescTable  system_stm32f4xx.o
    0x080064c0   0x080064c0   0x00000008   Data   RO         1112    .rodata.APBPrescTable  system_stm32f4xx.o
    0x080064c8   0x080064c8   0x00000228   Data   RO         1236    .rodata.F6x8        oled.o
    0x080066f0   0x080066f0   0x000005f0   Data   RO         1237    .rodata.F8X16       oled.o
    0x08006ce0   0x08006ce0   0x00000007   Data   RO          112    .rodata.str1.1      usart.o
    0x08006ce7   0x08006ce7   0x00000001   PAD
    0x08006ce8   0x08006ce8   0x00000020   Data   RO         1606    Region$$Table       anon$$obj.o


    Execution Region RW_IRAM1 (Exec base: 0x20000000, Load base: 0x08006d08, Size: 0x00000760, Max: 0x00010000, ABSOLUTE)

    Exec Addr    Load Addr    Size         Type   Attr      Idx    E Section Name        Object

    0x20000000   0x08006d08   0x00000002   Data   RW          114    .data..L_MergedGlobals  usart.o
    0x20000002   0x08006d0a   0x00000002   PAD
    0x20000004   0x08006d0c   0x00000008   Data   RW          630    .data..L_MergedGlobals  stm32f4xx_hal.o
    0x2000000c   0x08006d14   0x00000001   Data   RW           23    .data.Flag_Stop     main.o
    0x2000000d   0x08006d15   0x00000003   PAD
    0x20000010   0x08006d18   0x00000004   Data   RW         1110    .data.SystemCoreClock  system_stm32f4xx.o
    0x20000014   0x08006d1c   0x00000028   Data   RW         1125    .data.encoder_mlist  encoder.o
    0x2000003c   0x08006d44   0x00000004   PAD
    0x20000040        -       0x00000018   Zero   RW           27    .bss..L_MergedGlobals  main.o
    0x20000058        -       0x00000004   Zero   RW         1126    .bss..L_MergedGlobals  encoder.o
    0x2000005c        -       0x00000016   Zero   RW         1187    .bss..L_MergedGlobals  power.o
    0x20000072        -       0x00000003   Zero   RW         1260    .bss..L_MergedGlobals  fine_line.o
    0x20000075   0x08006d44   0x00000003   PAD
    0x20000078        -       0x00000074   Zero   RW          115    .bss..L_MergedGlobals.1  usart.o
    0x200000ec        -       0x00000004   Zero   RW         1257    .bss.Find_Line_Begins.find_value  fine_line.o
    0x200000f0        -       0x00000048   Zero   RW           52    .bss.hadc1          adc.o
    0x20000138        -       0x00000048   Zero   RW           77    .bss.htim1          tim.o
    0x20000180        -       0x00000048   Zero   RW           81    .bss.htim10         tim.o
    0x200001c8        -       0x00000048   Zero   RW           78    .bss.htim3          tim.o
    0x20000210        -       0x00000048   Zero   RW           79    .bss.htim4          tim.o
    0x20000258        -       0x00000048   Zero   RW           80    .bss.htim9          tim.o
    0x200002a0        -       0x00000048   Zero   RW          110    .bss.huart2         usart.o
    0x200002e8        -       0x00000048   Zero   RW          111    .bss.huart6         usart.o
    0x20000330        -       0x00000004   Zero   RW         1153    .bss.pid_cal_l.Integral_error_l  moto_control.o
    0x20000334        -       0x00000004   Zero   RW         1154    .bss.pid_cal_r.Integral_error  moto_control.o
    0x20000338        -       0x0000001e   Zero   RW         1239    .bss.show_1         oled.o
    0x20000356   0x08006d44   0x00000002   PAD
    0x20000358        -       0x00000004   Zero   RW          629    .bss.uwTick         stm32f4xx_hal.o
    0x2000035c   0x08006d44   0x00000004   PAD
    0x20000360        -       0x00000400   Zero   RW            1    STACK               startup_stm32f401xc.o


==============================================================================

Image component sizes


      Code (inc. data)   RO Data    RW Data    ZI Data      Debug   Object Name

       238          0          0          0         72       6732   adc.o
       296          0          0         40          4       5151   encoder.o
       404         32          0          0          7       1974   fine_line.o
       336          0          0          0          0       3884   gpio.o
      4620        196          0          1         24      11434   main.o
       588         36          0          0          8       6237   moto_control.o
      2302         20       2072          0         30      13388   oled.o
        70          0          0          0         22       6900   power.o
        36          8        404          0       1024        856   startup_stm32f401xc.o
       204          0          0          8          4       6894   stm32f4xx_hal.o
      1290          0          0          0          0      12094   stm32f4xx_hal_adc.o
         2          0          0          0          0       9959   stm32f4xx_hal_adc_ex.o
       196          0          0          0          0      10082   stm32f4xx_hal_cortex.o
       178          0          0          0          0      10720   stm32f4xx_hal_dma.o
       456          0          0          0          0       5412   stm32f4xx_hal_gpio.o
        56          0          0          0          0       1547   stm32f4xx_hal_msp.o
      1484          0          0          0          0       7530   stm32f4xx_hal_rcc.o
      2708         10          0          0          0      55108   stm32f4xx_hal_tim.o
       232          0          0          0          0      20874   stm32f4xx_hal_tim_ex.o
      2458          0          0          0          0      32127   stm32f4xx_hal_uart.o
       150          0          0          0          0       7404   stm32f4xx_it.o
        18          0         24          4          0       2736   system_stm32f4xx.o
      1882          0          0          0        360      12429   tim.o
      1342          6          7          2        260       9642   usart.o

    ----------------------------------------------------------------------
     21688        308       2540         60       1828     261114   Object Totals
         0          0         32          0          0          0   (incl. Generated)
       142          0          1          5         13          0   (incl. Padding)

    ----------------------------------------------------------------------

      Code (inc. data)   RO Data    RW Data    ZI Data      Debug   Library Member Name

         0          0          0          0          0          0   entry.o
         0          0          0          0          0          0   entry10a.o
         0          0          0          0          0          0   entry11a.o
         8          4          0          0          0          0   entry2.o
         4          0          0          0          0          0   entry5.o
         0          0          0          0          0          0   entry7b.o
         0          0          0          0          0          0   entry8b.o
         8          4          0          0          0          0   entry9a.o
        30          0          0          0          0          0   handlers.o
        48         10          0          0          0         68   init.o
         0          0          0          0          0          0   iusefp.o
        30          0          0          0          0         68   llshl.o
        36          0          0          0          0         68   llsshr.o
        32          0          0          0          0         68   llushr.o
      2276         86          0          0          0        520   printfa.o
        44          0          0          0          0         80   uidiv.o
        98          0          0          0          0         92   uldiv.o
        48          0          0          0          0         68   cdrcmple.o
       334          0          0          0          0        148   dadd.o
       222          0          0          0          0        100   ddiv.o
       186          0          0          0          0        176   depilogue.o
        48          0          0          0          0         68   dfixul.o
       228          0          0          0          0         96   dmul.o

    ----------------------------------------------------------------------
      3684        104          0          0          0       1620   Library Totals
         4          0          0          0          0          0   (incl. Padding)

    ----------------------------------------------------------------------

      Code (inc. data)   RO Data    RW Data    ZI Data      Debug   Library Name

      2614        104          0          0          0        964   mc_w.l
      1066          0          0          0          0        656   mf_w.l

    ----------------------------------------------------------------------
      3684        104          0          0          0       1620   Library Totals

    ----------------------------------------------------------------------

==============================================================================


      Code (inc. data)   RO Data    RW Data    ZI Data      Debug   

     25372        412       2540         60       1828     261666   Grand Totals
     25372        412       2540         60       1828     261666   ELF Image Totals
     25372        412       2540         60          0          0   ROM Totals

==============================================================================

    Total RO  Size (Code + RO Data)                27912 (  27.26kB)
    Total RW  Size (RW Data + ZI Data)              1888 (   1.84kB)
    Total ROM Size (Code + RO Data + RW Data)      27972 (  27.32kB)

==============================================================================

